Component: Arm Compiler for Embedded 6.19 Tool: armlink [5e73cb00]

==============================================================================

Section Cross References

    i2c_lux_funcs.o(.ARM.exidx.text.I2C3_init) refers to i2c_lux_funcs.o(.text.I2C3_init) for [Anonymous Symbol]
    i2c_lux_funcs.o(.text.I2C3_write_onebyte) refers to i2c_lux_funcs.o(.text.wait_until_done) for wait_until_done
    i2c_lux_funcs.o(.text.I2C3_write_onebyte) refers to i2c_lux_funcs.o(.bss.error) for error
    i2c_lux_funcs.o(.ARM.exidx.text.I2C3_write_onebyte) refers to i2c_lux_funcs.o(.text.I2C3_write_onebyte) for [Anonymous Symbol]
    i2c_lux_funcs.o(.ARM.exidx.text.wait_until_done) refers to i2c_lux_funcs.o(.text.wait_until_done) for [Anonymous Symbol]
    i2c_lux_funcs.o(.text.I2C3_read_onebyte) refers to i2c_lux_funcs.o(.text.wait_until_done) for wait_until_done
    i2c_lux_funcs.o(.text.I2C3_read_onebyte) refers to i2c_lux_funcs.o(.bss.error) for error
    i2c_lux_funcs.o(.ARM.exidx.text.I2C3_read_onebyte) refers to i2c_lux_funcs.o(.text.I2C3_read_onebyte) for [Anonymous Symbol]
    i2c_lux_funcs.o(.ARM.exidx.text.CalculateLux) refers to i2c_lux_funcs.o(.text.CalculateLux) for [Anonymous Symbol]
    main.o(.text.main) refers to i2c_lux_funcs.o(.text.I2C3_init) for I2C3_init
    main.o(.text.main) refers to led_logic.o(.text.adc_gpio_init) for adc_gpio_init
    main.o(.text.main) refers to led_logic.o(.text.adc_init) for adc_init
    main.o(.text.main) refers to led_logic.o(.text.push_buttons_init) for push_buttons_init
    main.o(.text.main) refers to led_logic.o(.text.pwm_init) for pwm_init
    main.o(.text.main) refers to gpio_ssi_init.o(main) for gpio_ssi_init
    main.o(.text.main) refers to first_config_nokia.o(main) for first_config_Nokia
    main.o(.text.main) refers to lcd_comments.o(main) for Screen_Clear
    main.o(.text.main) refers to led_logic.o(.text.led_gpio_init) for led_gpio_init
    main.o(.text.main) refers to i2c_lux_funcs.o(.text.I2C3_write_onebyte) for I2C3_write_onebyte
    main.o(.text.main) refers to other_funcs.o(.text.timer1_delay) for timer1_delay
    main.o(.text.main) refers to i2c_lux_funcs.o(.text.I2C3_read_onebyte) for I2C3_read_onebyte
    main.o(.text.main) refers to led_logic.o(.text.adjust) for adjust
    main.o(.text.main) refers to main.o(.bss.lux0mean) for lux0mean
    main.o(.text.main) refers to main.o(.bss.lux1mean) for lux1mean
    main.o(.text.main) refers to i2c_lux_funcs.o(.text.CalculateLux) for CalculateLux
    main.o(.text.main) refers to main.o(.bss.lux) for lux
    main.o(.text.main) refers to led_logic.o(.text.getlowth) for getlowth
    main.o(.text.main) refers to led_logic.o(.text.gethighth) for gethighth
    main.o(.text.main) refers to main.o(.rodata.str1.1) for .L.str
    main.o(.text.main) refers to sprintf.o(.text) for sprintf
    main.o(.text.main) refers to outstr.o(.text) for OutStr
    main.o(.text.main) refers to other_funcs.o(.text.digit) for digit
    main.o(.text.main) refers to led_logic.o(.text.led_rgb) for led_rgb
    main.o(.text.main) refers to led_logic.o(.text.duty_cycle) for duty_cycle
    main.o(.ARM.exidx.text.main) refers to main.o(.text.main) for [Anonymous Symbol]
    other_funcs.o(.ARM.exidx.text.timer1_delay) refers to other_funcs.o(.text.timer1_delay) for [Anonymous Symbol]
    other_funcs.o(.text.digit) refers to lcd_comments.o(main) for zero_0
    other_funcs.o(.ARM.exidx.text.digit) refers to other_funcs.o(.text.digit) for [Anonymous Symbol]
    led_logic.o(.ARM.exidx.text.led_gpio_init) refers to led_logic.o(.text.led_gpio_init) for [Anonymous Symbol]
    led_logic.o(.ARM.exidx.text.adc_gpio_init) refers to led_logic.o(.text.adc_gpio_init) for [Anonymous Symbol]
    led_logic.o(.ARM.exidx.text.adc_init) refers to led_logic.o(.text.adc_init) for [Anonymous Symbol]
    led_logic.o(.ARM.exidx.text.push_buttons_init) refers to led_logic.o(.text.push_buttons_init) for [Anonymous Symbol]
    led_logic.o(.text.GPIOF_Handler) refers to led_logic.o(.bss.highthflag) for highthflag
    led_logic.o(.text.GPIOF_Handler) refers to led_logic.o(.bss.lowthflag) for lowthflag
    led_logic.o(.text.GPIOF_Handler) refers to other_funcs.o(.text.timer1_delay) for timer1_delay
    led_logic.o(.ARM.exidx.text.GPIOF_Handler) refers to led_logic.o(.text.GPIOF_Handler) for [Anonymous Symbol]
    led_logic.o(.text.adjust) refers to led_logic.o(.bss.data) for data
    led_logic.o(.text.adjust) refers to led_logic.o(.bss.highthflag) for highthflag
    led_logic.o(.text.adjust) refers to led_logic.o(.bss.lowthflag) for lowthflag
    led_logic.o(.text.adjust) refers to led_logic.o(.data.lowth) for lowth
    led_logic.o(.text.adjust) refers to led_logic.o(.data.highth) for highth
    led_logic.o(.ARM.exidx.text.adjust) refers to led_logic.o(.text.adjust) for [Anonymous Symbol]
    led_logic.o(.text.led_rgb) refers to led_logic.o(.data.lowth) for lowth
[...]
    !!handler_zi                             0x000002c4   Section       28  __scatter_zi.o(!!handler_zi)
    .ARM.Collect$$_printf_percent$$00000000  0x000002e0   Section        0  _printf_percent.o(.ARM.Collect$$_printf_percent$$00000000)
    .ARM.Collect$$_printf_percent$$00000001  0x000002e0   Section        6  _printf_n.o(.ARM.Collect$$_printf_percent$$00000001)
    .ARM.Collect$$_printf_percent$$00000002  0x000002e6   Section        6  _printf_p.o(.ARM.Collect$$_printf_percent$$00000002)
    .ARM.Collect$$_printf_percent$$00000003  0x000002ec   Section        6  _printf_f.o(.ARM.Collect$$_printf_percent$$00000003)
    .ARM.Collect$$_printf_percent$$00000004  0x000002f2   Section        6  _printf_e.o(.ARM.Collect$$_printf_percent$$00000004)
    .ARM.Collect$$_printf_percent$$00000005  0x000002f8   Section        6  _printf_g.o(.ARM.Collect$$_printf_percent$$00000005)
    .ARM.Collect$$_printf_percent$$00000006  0x000002fe   Section        6  _printf_a.o(.ARM.Collect$$_printf_percent$$00000006)
    .ARM.Collect$$_printf_percent$$00000007  0x00000304   Section       10  _printf_ll.o(.ARM.Collect$$_printf_percent$$00000007)
    .ARM.Collect$$_printf_percent$$00000008  0x0000030e   Section        6  _printf_i.o(.ARM.Collect$$_printf_percent$$00000008)
    .ARM.Collect$$_printf_percent$$00000009  0x00000314   Section        6  _printf_d.o(.ARM.Collect$$_printf_percent$$00000009)
    .ARM.Collect$$_printf_percent$$0000000A  0x0000031a   Section        6  _printf_u.o(.ARM.Collect$$_printf_percent$$0000000A)
    .ARM.Collect$$_printf_percent$$0000000B  0x00000320   Section        6  _printf_o.o(.ARM.Collect$$_printf_percent$$0000000B)
    .ARM.Collect$$_printf_percent$$0000000C  0x00000326   Section        6  _printf_x.o(.ARM.Collect$$_printf_percent$$0000000C)
    .ARM.Collect$$_printf_percent$$0000000D  0x0000032c   Section        6  _printf_lli.o(.ARM.Collect$$_printf_percent$$0000000D)
    .ARM.Collect$$_printf_percent$$0000000E  0x00000332   Section        6  _printf_lld.o(.ARM.Collect$$_printf_percent$$0000000E)
    .ARM.Collect$$_printf_percent$$0000000F  0x00000338   Section        6  _printf_llu.o(.ARM.Collect$$_printf_percent$$0000000F)
    .ARM.Collect$$_printf_percent$$00000010  0x0000033e   Section        6  _printf_llo.o(.ARM.Collect$$_printf_percent$$00000010)
    .ARM.Collect$$_printf_percent$$00000011  0x00000344   Section        6  _printf_llx.o(.ARM.Collect$$_printf_percent$$00000011)
    .ARM.Collect$$_printf_percent$$00000012  0x0000034a   Section       10  _printf_l.o(.ARM.Collect$$_printf_percent$$00000012)
    .ARM.Collect$$_printf_percent$$00000013  0x00000354   Section        6  _printf_c.o(.ARM.Collect$$_printf_percent$$00000013)
    .ARM.Collect$$_printf_percent$$00000014  0x0000035a   Section        6  _printf_s.o(.ARM.Collect$$_printf_percent$$00000014)
    .ARM.Collect$$_printf_percent$$00000015  0x00000360   Section        6  _printf_lc.o(.ARM.Collect$$_printf_percent$$00000015)
    .ARM.Collect$$_printf_percent$$00000016  0x00000366   Section        6  _printf_ls.o(.ARM.Collect$$_printf_percent$$00000016)
    .ARM.Collect$$_printf_percent$$00000017  0x0000036c   Section        4  _printf_percent_end.o(.ARM.Collect$$_printf_percent$$00000017)
    .ARM.Collect$$libinit$$00000000          0x00000370   Section        2  libinit.o(.ARM.Collect$$libinit$$00000000)
    .ARM.Collect$$libinit$$00000001          0x00000372   Section        4  libinit2.o(.ARM.Collect$$libinit$$00000001)
    .ARM.Collect$$libinit$$00000004          0x00000376   Section        0  libinit2.o(.ARM.Collect$$libinit$$00000004)
    .ARM.Collect$$libinit$$00000006          0x00000376   Section        0  libinit2.o(.ARM.Collect$$libinit$$00000006)
    .ARM.Collect$$libinit$$0000000C          0x00000376   Section        0  libinit2.o(.ARM.Collect$$libinit$$0000000C)
    .ARM.Collect$$libinit$$0000000E          0x00000376   Section        0  libinit2.o(.ARM.Collect$$libinit$$0000000E)
    .ARM.Collect$$libinit$$00000010          0x00000376   Section        0  libinit2.o(.ARM.Collect$$libinit$$00000010)
    .ARM.Collect$$libinit$$00000011          0x00000376   Section        6  libinit2.o(.ARM.Collect$$libinit$$00000011)
    .ARM.Collect$$libinit$$00000013          0x0000037c   Section        0  libinit2.o(.ARM.Collect$$libinit$$00000013)
    .ARM.Collect$$libinit$$00000014          0x0000037c   Section       12  libinit2.o(.ARM.Collect$$libinit$$00000014)
    .ARM.Collect$$libinit$$00000015          0x00000388   Section        0  libinit2.o(.ARM.Collect$$libinit$$00000015)
    .ARM.Collect$$libinit$$00000017          0x00000388   Section        0  libinit2.o(.ARM.Collect$$libinit$$00000017)
    .ARM.Collect$$libinit$$00000018          0x00000388   Section       10  libinit2.o(.ARM.Collect$$libinit$$00000018)
    .ARM.Collect$$libinit$$00000019          0x00000392   Section        0  libinit2.o(.ARM.Collect$$libinit$$00000019)
    .ARM.Collect$$libinit$$0000001B          0x00000392   Section        0  libinit2.o(.ARM.Collect$$libinit$$0000001B)
    .ARM.Collect$$libinit$$0000001D          0x00000392   Section        0  libinit2.o(.ARM.Collect$$libinit$$0000001D)
    .ARM.Collect$$libinit$$0000001F          0x00000392   Section        0  libinit2.o(.ARM.Collect$$libinit$$0000001F)
    .ARM.Collect$$libinit$$00000021          0x00000392   Section        0  libinit2.o(.ARM.Collect$$libinit$$00000021)
    .ARM.Collect$$libinit$$00000023          0x00000392   Section        0  libinit2.o(.ARM.Collect$$libinit$$00000023)
    .ARM.Collect$$libinit$$00000025          0x00000392   Section        0  libinit2.o(.ARM.Collect$$libinit$$00000025)
    .ARM.Collect$$libinit$$00000027          0x00000392   Section        0  libinit2.o(.ARM.Collect$$libinit$$00000027)
    .ARM.Collect$$libinit$$0000002E          0x00000392   Section        0  libinit2.o(.ARM.Collect$$libinit$$0000002E)
    .ARM.Collect$$libinit$$00000030          0x00000392   Section        0  libinit2.o(.ARM.Collect$$libinit$$00000030)
    .ARM.Collect$$libinit$$00000032          0x00000392   Section        0  libinit2.o(.ARM.Collect$$libinit$$00000032)
    .ARM.Collect$$libinit$$00000034          0x00000392   Section        0  libinit2.o(.ARM.Collect$$libinit$$00000034)
    .ARM.Collect$$libinit$$00000035          0x00000392   Section        2  libinit2.o(.ARM.Collect$$libinit$$00000035)
    .ARM.Collect$$libshutdown$$00000000      0x00000394   Section        2  libshutdown.o(.ARM.Collect$$libshutdown$$00000000)
    .ARM.Collect$$libshutdown$$00000002      0x00000396   Section        0  libshutdown2.o(.ARM.Collect$$libshutdown$$00000002)
    .ARM.Collect$$libshutdown$$00000004      0x00000396   Section        0  libshutdown2.o(.ARM.Collect$$libshutdown$$00000004)
    .ARM.Collect$$libshutdown$$00000007      0x00000396   Section        0  libshutdown2.o(.ARM.Collect$$libshutdown$$00000007)
    .ARM.Collect$$libshutdown$$0000000A      0x00000396   Section        0  libshutdown2.o(.ARM.Collect$$libshutdown$$0000000A)
    .ARM.Collect$$libshutdown$$0000000C      0x00000396   Section        0  libshutdown2.o(.ARM.Collect$$libshutdown$$0000000C)
    .ARM.Collect$$libshutdown$$0000000F      0x00000396   Section        0  libshutdown2.o(.ARM.Collect$$libshutdown$$0000000F)
    .ARM.Collect$$libshutdown$$00000010      0x00000396   Section        2  libshutdown2.o(.ARM.Collect$$libshutdown$$00000010)
    .ARM.Collect$$rtentry$$00000000          0x00000398   Section        0  __rtentry.o(.ARM.Collect$$rtentry$$00000000)
    .ARM.Collect$$rtentry$$00000002          0x00000398   Section        0  __rtentry2.o(.ARM.Collect$$rtentry$$00000002)
    .ARM.Collect$$rtentry$$00000004          0x00000398   Section        6  __rtentry4.o(.ARM.Collect$$rtentry$$00000004)
    .ARM.Collect$$rtentry$$00000009          0x0000039e   Section        0  __rtentry2.o(.ARM.Collect$$rtentry$$00000009)
    .ARM.Collect$$rtentry$$0000000A          0x0000039e   Section        4  __rtentry2.o(.ARM.Collect$$rtentry$$0000000A)
    .ARM.Collect$$rtentry$$0000000C          0x000003a2   Section        0  __rtentry2.o(.ARM.Collect$$rtentry$$0000000C)
    .ARM.Collect$$rtentry$$0000000D          0x000003a2   Section        8  __rtentry2.o(.ARM.Collect$$rtentry$$0000000D)
    .ARM.Collect$$rtexit$$00000000           0x000003aa   Section        2  rtexit.o(.ARM.Collect$$rtexit$$00000000)
    .ARM.Collect$$rtexit$$00000002           0x000003ac   Section        0  rtexit2.o(.ARM.Collect$$rtexit$$00000002)
    .ARM.Collect$$rtexit$$00000003           0x000003ac   Section        4  rtexit2.o(.ARM.Collect$$rtexit$$00000003)
    .ARM.Collect$$rtexit$$00000004           0x000003b0   Section        6  rtexit2.o(.ARM.Collect$$rtexit$$00000004)
    $v0                                      0x000003b8   Number         0  outstr.o(.text)
    .text                                    0x000003b8   Section      236  outstr.o(.text)
    $v0                                      0x000004a4   Number         0  startup_tm4c123.o(.text)
    .text                                    0x000004a4   Section      276  startup_tm4c123.o(.text)
    .text                                    0x000005b8   Section        0  sprintf.o(.text)
    .text                                    0x000005e4   Section        0  heapauxi.o(.text)
    .text                                    0x000005ea   Section        0  _printf_pad.o(.text)
    .text                                    0x00000638   Section        0  _printf_truncate.o(.text)
    .text                                    0x0000065c   Section        0  _printf_str.o(.text)
    .text                                    0x000006b0   Section        0  _printf_dec.o(.text)
    .text                                    0x00000728   Section        0  _printf_charcount.o(.text)
    _printf_input_char                       0x00000751   Thumb Code    10  _printf_char_common.o(.text)
    .text                                    0x00000750   Section        0  _printf_char_common.o(.text)
    .text                                    0x00000780   Section        0  _sputc.o(.text)
    .text                                    0x0000078c   Section        0  _printf_wctomb.o(.text)
    .text                                    0x00000848   Section        0  _printf_longlong_dec.o(.text)
    _printf_longlong_oct_internal            0x000008c5   Thumb Code     0  _printf_oct_int_ll.o(.text)
    .text                                    0x000008c4   Section        0  _printf_oct_int_ll.o(.text)
    _printf_hex_common                       0x00000935   Thumb Code     0  _printf_hex_int_ll_ptr.o(.text)
    .text                                    0x00000934   Section        0  _printf_hex_int_ll_ptr.o(.text)
    .text                                    0x000009c8   Section        0  __printf_flags_ss_wp.o(.text)
    .text                                    0x00000b50   Section      138  lludiv10.o(.text)
    .text                                    0x00000bda   Section        0  _printf_intcommon.o(.text)
    _fp_digits                               0x00000c8d   Thumb Code   432  _printf_fp_dec.o(.text)
    .text                                    0x00000c8c   Section        0  _printf_fp_dec.o(.text)
    .text                                    0x000010a8   Section        0  _printf_fp_hex.o(.text)
    .text                                    0x000013a4   Section        0  _printf_char.o(.text)
    .text                                    0x000013d0   Section        0  _printf_wchar.o(.text)
    .text                                    0x000013fc   Section        0  _c16rtomb.o(.text)
    .text                                    0x00001444   Section       74  sys_stackheap_outer.o(.text)
    .text                                    0x00001490   Section       16  rt_ctype_table.o(.text)
    .text                                    0x000014a0   Section        8  rt_locale_intlibspace.o(.text)
    .text                                    0x000014a8   Section        0  _printf_fp_infnan.o(.text)
    .text                                    0x00001528   Section        0  bigflt0.o(.text)
    .text                                    0x0000160c   Section        0  exit.o(.text)
    .text                                    0x00001620   Section        8  libspace.o(.text)
    .text                                    0x00001628   Section      124  strcmpv7em.o(.text)
    .text                                    0x000016a4   Section        0  sys_exit.o(.text)
    .text                                    0x000016b0   Section        2  use_no_semi.o(.text)
    .text                                    0x000016b2   Section        0  indicate_semi.o(.text)
    [Anonymous Symbol]                       0x000016b4   Section        0  i2c_lux_funcs.o(.text.CalculateLux)
    [Anonymous Symbol]                       0x00001904   Section        0  led_logic.o(.text.GPIOF_Handler)
    [Anonymous Symbol]                       0x000019e8   Section        0  i2c_lux_funcs.o(.text.I2C3_init)
    [Anonymous Symbol]                       0x00001a88   Section        0  i2c_lux_funcs.o(.text.I2C3_read_onebyte)
    [Anonymous Symbol]                       0x00001b58   Section        0  i2c_lux_funcs.o(.text.I2C3_write_onebyte)
    [Anonymous Symbol]                       0x00001c20   Section        0  system_tm4c123.o(.text.SystemInit)
    [Anonymous Symbol]                       0x00001c34   Section        0  led_logic.o(.text.adc_gpio_init)
    [Anonymous Symbol]                       0x00001ca8   Section        0  led_logic.o(.text.adc_init)
    [Anonymous Symbol]                       0x00001d24   Section        0  led_logic.o(.text.adjust)
    [Anonymous Symbol]                       0x00001e60   Section        0  other_funcs.o(.text.digit)
    [Anonymous Symbol]                       0x00002190   Section        0  led_logic.o(.text.duty_cycle)
    [Anonymous Symbol]                       0x00002228   Section        0  led_logic.o(.text.gethighth)
    [Anonymous Symbol]                       0x00002234   Section        0  led_logic.o(.text.getlowth)
    [Anonymous Symbol]                       0x00002240   Section        0  led_logic.o(.text.led_gpio_init)
    [Anonymous Symbol]                       0x000022b4   Section        0  led_logic.o(.text.led_rgb)
    [Anonymous Symbol]                       0x00002350   Section        0  main.o(.text.main)
    [Anonymous Symbol]                       0x000024d4   Section        0  led_logic.o(.text.push_buttons_init)
    [Anonymous Symbol]                       0x000025a8   Section        0  led_logic.o(.text.pwm_init)
    [Anonymous Symbol]                       0x00002688   Section        0  other_funcs.o(.text.timer1_delay)
    wait_until_done                          0x00002709   Thumb Code    36  i2c_lux_funcs.o(.text.wait_until_done)
    [Anonymous Symbol]                       0x00002708   Section        0  i2c_lux_funcs.o(.text.wait_until_done)
    CL$$btod_d2e                             0x0000272c   Section       62  btod.o(CL$$btod_d2e)
    CL$$btod_d2e_denorm_low                  0x0000276a   Section       70  btod.o(CL$$btod_d2e_denorm_low)
    CL$$btod_d2e_norm_op1                    0x000027b0   Section       96  btod.o(CL$$btod_d2e_norm_op1)
    CL$$btod_div_common                      0x00002810   Section      824  btod.o(CL$$btod_div_common)
    CL$$btod_e2e                             0x00002b48   Section      220  btod.o(CL$$btod_e2e)
    CL$$btod_ediv                            0x00002c24   Section       42  btod.o(CL$$btod_ediv)
    CL$$btod_emul                            0x00002c4e   Section       42  btod.o(CL$$btod_emul)
    CL$$btod_mult_common                     0x00002c78   Section      580  btod.o(CL$$btod_mult_common)
    i.__ARM_fpclassify                       0x00002ebc   Section        0  fpclassify.o(i.__ARM_fpclassify)
    i._is_digit                              0x00002eec   Section        0  __printf_wp.o(i._is_digit)
    locale$$code                             0x00002efc   Section       44  lc_numeric_c.o(locale$$code)
    locale$$code                             0x00002f28   Section       44  lc_ctype_c.o(locale$$code)
    $v0                                      0x00002f54   Number         0  first_config_nokia.o(main)
    main                                     0x00002f54   Section      192  first_config_nokia.o(main)
    $v0                                      0x00003014   Number         0  gpio_ssi_init.o(main)
    main                                     0x00003014   Section      268  gpio_ssi_init.o(main)
    $v0                                      0x00003120   Number         0  lcd_comments.o(main)
    main                                     0x00003120   Section     3908  lcd_comments.o(main)
    $v0                                      0x00004064   Number         0  d2f.o(x$fpl$d2f)
    x$fpl$d2f                                0x00004064   Section       98  d2f.o(x$fpl$d2f)
    $v0                                      0x000040c8   Number         0  daddsub_clz.o(x$fpl$dadd)
    x$fpl$dadd                               0x000040c8   Section      336  daddsub_clz.o(x$fpl$dadd)
    _dadd1                                   0x000040d9   Thumb Code     0  daddsub_clz.o(x$fpl$dadd)
    $v0                                      0x00004218   Number         0  ddiv.o(x$fpl$ddiv)
    x$fpl$ddiv                               0x00004218   Section      692  ddiv.o(x$fpl$ddiv)
    ddiv_entry                               0x0000421f   Thumb Code     0  ddiv.o(x$fpl$ddiv)
    $v0                                      0x000044cc   Number         0  dflt_clz.o(x$fpl$dflt)
    x$fpl$dflt                               0x000044cc   Section       46  dflt_clz.o(x$fpl$dflt)
    $v0                                      0x000044fc   Number         0  dmul.o(x$fpl$dmul)
    x$fpl$dmul                               0x000044fc   Section      340  dmul.o(x$fpl$dmul)
    $v0                                      0x00004650   Number         0  dnaninf.o(x$fpl$dnaninf)
    x$fpl$dnaninf                            0x00004650   Section      156  dnaninf.o(x$fpl$dnaninf)
    $v0                                      0x000046ec   Number         0  dretinf.o(x$fpl$dretinf)
    x$fpl$dretinf                            0x000046ec   Section       12  dretinf.o(x$fpl$dretinf)
    $v0                                      0x000046f8   Number         0  daddsub_clz.o(x$fpl$dsub)
    x$fpl$dsub                               0x000046f8   Section      476  daddsub_clz.o(x$fpl$dsub)
    _dsub1                                   0x00004709   Thumb Code     0  daddsub_clz.o(x$fpl$dsub)
    $v0                                      0x000048d4   Number         0  fpinit.o(x$fpl$fpinit)
    x$fpl$fpinit                             0x000048d4   Section       26  fpinit.o(x$fpl$fpinit)
    $v0                                      0x000048ee   Number         0  fretinf.o(x$fpl$fretinf)
    x$fpl$fretinf                            0x000048ee   Section       10  fretinf.o(x$fpl$fretinf)
    $v0                                      0x000048f8   Number         0  printf1.o(x$fpl$printf1)
    x$fpl$printf1                            0x000048f8   Section        4  printf1.o(x$fpl$printf1)
    $v0                                      0x000048fc   Number         0  printf2.o(x$fpl$printf2)
    x$fpl$printf2                            0x000048fc   Section        4  printf2.o(x$fpl$printf2)
    initial_mbstate                          0x00004900   Data           8  _printf_wctomb.o(.constdata)
    .constdata                               0x00004900   Section        8  _printf_wctomb.o(.constdata)
    x$fpl$usenofp                            0x00004900   Section        0  usenofp.o(x$fpl$usenofp)
    uc_hextab                                0x00004908   Data          20  _printf_hex_int_ll_ptr.o(.constdata)
    .constdata                               0x00004908   Section       40  _printf_hex_int_ll_ptr.o(.constdata)
    lc_hextab                                0x0000491c   Data          20  _printf_hex_int_ll_ptr.o(.constdata)
    maptable                                 0x00004930   Data          17  __printf_flags_ss_wp.o(.constdata)
    .constdata                               0x00004930   Section       17  __printf_flags_ss_wp.o(.constdata)
    lc_hextab                                0x00004941   Data          19  _printf_fp_hex.o(.constdata)
    .constdata                               0x00004941   Section       38  _printf_fp_hex.o(.constdata)
    uc_hextab                                0x00004954   Data          19  _printf_fp_hex.o(.constdata)
    tenpwrs_x                                0x00004968   Data          60  bigflt0.o(.constdata)
    .constdata                               0x00004968   Section      148  bigflt0.o(.constdata)
    tenpwrs_i                                0x000049a4   Data          64  bigflt0.o(.constdata)
    .L.str                                   0x000049fc   Data          64  main.o(.rodata.str1.1)
    [Anonymous Symbol]                       0x000049fc   Section        0  main.o(.rodata.str1.1)
    locale$$data                             0x00004a5c   Section       28  lc_numeric_c.o(locale$$data)
    __lcnum_c_name                           0x00004a60   Data           2  lc_numeric_c.o(locale$$data)
    __lcnum_c_start                          0x00004a68   Data           0  lc_numeric_c.o(locale$$data)
    __lcnum_c_point                          0x00004a74   Data           0  lc_numeric_c.o(locale$$data)
    __lcnum_c_thousands                      0x00004a76   Data           0  lc_numeric_c.o(locale$$data)
    __lcnum_c_grouping                       0x00004a77   Data           0  lc_numeric_c.o(locale$$data)
    __lcnum_c_end                            0x00004a78   Data           0  lc_numeric_c.o(locale$$data)
    locale$$data                             0x00004a78   Section      272  lc_ctype_c.o(locale$$data)
    __lcctype_c_name                         0x00004a7c   Data           2  lc_ctype_c.o(locale$$data)
    __lcctype_c_start                        0x00004a84   Data           0  lc_ctype_c.o(locale$$data)
    __lcctype_c_end                          0x00004b88   Data           0  lc_ctype_c.o(locale$$data)
    .bss                                     0x20000008   Section       96  libspace.o(.bss)
    Heap_Mem                                 0x20000088   Data           0  startup_tm4c123.o(HEAP)
    Stack_Mem                                0x20000088   Data         512  startup_tm4c123.o(STACK)
    HEAP                                     0x20000088   Section        0  startup_tm4c123.o(HEAP)
    STACK                                    0x20000088   Section      512  startup_tm4c123.o(STACK)
    __initial_sp                             0x20000288   Data           0  startup_tm4c123.o(STACK)

    Global Symbols

    Symbol Name                              Value     Ov Type        Size  Object(Section)

    BuildAttributes$$THM_ISAv4$E$P$D$K$B$S$7EM$VFPi3$EXTD16$VFPS$VFMA$PE$A:L22UL41UL21$X:L11$S22US41US21$IEEE1$IW$~IW$USESV6$~STKCKD$USESV7$~SHL$OTIME$ROPI$IEEEJ$EBA8$UX$STANDARDLIB$REQ8$EABIv2 0x00000000   Number         0  anon$$obj.o ABSOLUTE
    __Vectors                                0x00000000   Data           4  startup_tm4c123.o(RESET)
    _printf_flags                            0x00000000   Number         0  printf_stubs.o ABSOLUTE
    _printf_return_value                     0x00000000   Number         0  printf_stubs.o ABSOLUTE
    _printf_sizespec                         0x00000000   Number         0  printf_stubs.o ABSOLUTE
    _printf_widthprec                        0x00000000   Number         0  printf_stubs.o ABSOLUTE
    __ARM_exceptions_init                     - Undefined Weak Reference
    __alloca_initialize                       - Undefined Weak Reference
    __arm_preinit_                            - Undefined Weak Reference
    __arm_relocate_pie_                       - Undefined Weak Reference
    __cpp_initialize__aeabi_                  - Undefined Weak Reference
    __cxa_finalize                            - Undefined Weak Reference
    __sigvec_lookup                           - Undefined Weak Reference
    _atexit_init                              - Undefined Weak Reference
    _call_atexit_fns                          - Undefined Weak Reference
    _clock_init                               - Undefined Weak Reference
    _fp_trap_init                             - Undefined Weak Reference
    _fp_trap_shutdown                         - Undefined Weak Reference
    _get_lc_collate                           - Undefined Weak Reference
    _get_lc_monetary                          - Undefined Weak Reference
    _get_lc_time                              - Undefined Weak Reference
    _getenv_init                              - Undefined Weak Reference
    _handle_redirection                       - Undefined Weak Reference
    _init_alloc                               - Undefined Weak Reference
    _init_user_alloc                          - Undefined Weak Reference
    _initio                                   - Undefined Weak Reference
    _printf_mbtowc                            - Undefined Weak Reference
    _printf_wc                                - Undefined Weak Reference
    _rand_init                                - Undefined Weak Reference
    _signal_finish                            - Undefined Weak Reference
    _signal_init                              - Undefined Weak Reference
    _terminate_alloc                          - Undefined Weak Reference
    _terminate_user_alloc                     - Undefined Weak Reference
    _terminateio                              - Undefined Weak Reference
    __Vectors_End                            0x0000026c   Data           0  startup_tm4c123.o(RESET)
    __Vectors_Size                           0x0000026c   Number         0  startup_tm4c123.o ABSOLUTE
    __main                                   0x0000026d   Thumb Code     8  __main.o(!!!main)
    __scatterload                            0x00000275   Thumb Code     0  __scatter.o(!!!scatter)
    __scatterload_rt2                        0x00000275   Thumb Code    44  __scatter.o(!!!scatter)
    __scatterload_rt2_thumb_only             0x00000275   Thumb Code     0  __scatter.o(!!!scatter)
    __scatterload_null                       0x00000283   Thumb Code     0  __scatter.o(!!!scatter)
    __scatterload_copy                       0x000002a9   Thumb Code    26  __scatter_copy.o(!!handler_copy)
    __scatterload_zeroinit                   0x000002c5   Thumb Code    28  __scatter_zi.o(!!handler_zi)
    _printf_n                                0x000002e1   Thumb Code     0  _printf_n.o(.ARM.Collect$$_printf_percent$$00000001)
    _printf_percent                          0x000002e1   Thumb Code     0  _printf_percent.o(.ARM.Collect$$_printf_percent$$00000000)
    _printf_p                                0x000002e7   Thumb Code     0  _printf_p.o(.ARM.Collect$$_printf_percent$$00000002)
    _printf_f                                0x000002ed   Thumb Code     0  _printf_f.o(.ARM.Collect$$_printf_percent$$00000003)
    _printf_e                                0x000002f3   Thumb Code     0  _printf_e.o(.ARM.Collect$$_printf_percent$$00000004)
    _printf_g                                0x000002f9   Thumb Code     0  _printf_g.o(.ARM.Collect$$_printf_percent$$00000005)
    _printf_a                                0x000002ff   Thumb Code     0  _printf_a.o(.ARM.Collect$$_printf_percent$$00000006)
    _printf_ll                               0x00000305   Thumb Code     0  _printf_ll.o(.ARM.Collect$$_printf_percent$$00000007)
    _printf_i                                0x0000030f   Thumb Code     0  _printf_i.o(.ARM.Collect$$_printf_percent$$00000008)
    _printf_d                                0x00000315   Thumb Code     0  _printf_d.o(.ARM.Collect$$_printf_percent$$00000009)
    _printf_u                                0x0000031b   Thumb Code     0  _printf_u.o(.ARM.Collect$$_printf_percent$$0000000A)
    _printf_o                                0x00000321   Thumb Code     0  _printf_o.o(.ARM.Collect$$_printf_percent$$0000000B)
    _printf_x                                0x00000327   Thumb Code     0  _printf_x.o(.ARM.Collect$$_printf_percent$$0000000C)
    _printf_lli                              0x0000032d   Thumb Code     0  _printf_lli.o(.ARM.Collect$$_printf_percent$$0000000D)
    _printf_lld                              0x00000333   Thumb Code     0  _printf_lld.o(.ARM.Collect$$_printf_percent$$0000000E)
    _printf_llu                              0x00000339   Thumb Code     0  _printf_llu.o(.ARM.Collect$$_printf_percent$$0000000F)
    _printf_llo                              0x0000033f   Thumb Code     0  _printf_llo.o(.ARM.Collect$$_printf_percent$$00000010)
    _printf_llx                              0x00000345   Thumb Code     0  _printf_llx.o(.ARM.Collect$$_printf_percent$$00000011)
    _printf_l                                0x0000034b   Thumb Code     0  _printf_l.o(.ARM.Collect$$_printf_percent$$00000012)
    _printf_c                                0x00000355   Thumb Code     0  _printf_c.o(.ARM.Collect$$_printf_percent$$00000013)
    _printf_s                                0x0000035b   Thumb Code     0  _printf_s.o(.ARM.Collect$$_printf_percent$$00000014)
    _printf_lc                               0x00000361   Thumb Code     0  _printf_lc.o(.ARM.Collect$$_printf_percent$$00000015)
    _printf_ls                               0x00000367   Thumb Code     0  _printf_ls.o(.ARM.Collect$$_printf_percent$$00000016)
    _printf_percent_end                      0x0000036d   Thumb Code     0  _printf_percent_end.o(.ARM.Collect$$_printf_percent$$00000017)
    __rt_lib_init                            0x00000371   Thumb Code     0  libinit.o(.ARM.Collect$$libinit$$00000000)
    __rt_lib_init_fp_1                       0x00000373   Thumb Code     0  libinit2.o(.ARM.Collect$$libinit$$00000001)
    __rt_lib_init_heap_1                     0x00000377   Thumb Code     0  libinit2.o(.ARM.Collect$$libinit$$0000000C)
    __rt_lib_init_lc_common                  0x00000377   Thumb Code     0  libinit2.o(.ARM.Collect$$libinit$$00000011)
    __rt_lib_init_preinit_1                  0x00000377   Thumb Code     0  libinit2.o(.ARM.Collect$$libinit$$00000006)
    __rt_lib_init_rand_1                     0x00000377   Thumb Code     0  libinit2.o(.ARM.Collect$$libinit$$00000010)
    __rt_lib_init_relocate_pie_1             0x00000377   Thumb Code     0  libinit2.o(.ARM.Collect$$libinit$$00000004)
    __rt_lib_init_user_alloc_1               0x00000377   Thumb Code     0  libinit2.o(.ARM.Collect$$libinit$$0000000E)
    __rt_lib_init_lc_collate_1               0x0000037d   Thumb Code     0  libinit2.o(.ARM.Collect$$libinit$$00000013)
    __rt_lib_init_lc_ctype_2                 0x0000037d   Thumb Code     0  libinit2.o(.ARM.Collect$$libinit$$00000014)
    __rt_lib_init_lc_ctype_1                 0x00000389   Thumb Code     0  libinit2.o(.ARM.Collect$$libinit$$00000015)
    __rt_lib_init_lc_monetary_1              0x00000389   Thumb Code     0  libinit2.o(.ARM.Collect$$libinit$$00000017)
    __rt_lib_init_lc_numeric_2               0x00000389   Thumb Code     0  libinit2.o(.ARM.Collect$$libinit$$00000018)
    __rt_lib_init_alloca_1                   0x00000393   Thumb Code     0  libinit2.o(.ARM.Collect$$libinit$$00000030)
    __rt_lib_init_argv_1                     0x00000393   Thumb Code     0  libinit2.o(.ARM.Collect$$libinit$$0000002E)
    __rt_lib_init_atexit_1                   0x00000393   Thumb Code     0  libinit2.o(.ARM.Collect$$libinit$$0000001D)
    __rt_lib_init_clock_1                    0x00000393   Thumb Code     0  libinit2.o(.ARM.Collect$$libinit$$00000023)
    __rt_lib_init_cpp_1                      0x00000393   Thumb Code     0  libinit2.o(.ARM.Collect$$libinit$$00000034)
    __rt_lib_init_exceptions_1               0x00000393   Thumb Code     0  libinit2.o(.ARM.Collect$$libinit$$00000032)
    __rt_lib_init_fp_trap_1                  0x00000393   Thumb Code     0  libinit2.o(.ARM.Collect$$libinit$$00000021)
    __rt_lib_init_getenv_1                   0x00000393   Thumb Code     0  libinit2.o(.ARM.Collect$$libinit$$00000025)
    __rt_lib_init_lc_numeric_1               0x00000393   Thumb Code     0  libinit2.o(.ARM.Collect$$libinit$$00000019)
    __rt_lib_init_lc_time_1                  0x00000393   Thumb Code     0  libinit2.o(.ARM.Collect$$libinit$$0000001B)
    __rt_lib_init_return                     0x00000393   Thumb Code     0  libinit2.o(.ARM.Collect$$libinit$$00000035)
    __rt_lib_init_signal_1                   0x00000393   Thumb Code     0  libinit2.o(.ARM.Collect$$libinit$$0000001F)
    __rt_lib_init_stdio_1                    0x00000393   Thumb Code     0  libinit2.o(.ARM.Collect$$libinit$$00000027)
    __rt_lib_shutdown                        0x00000395   Thumb Code     0  libshutdown.o(.ARM.Collect$$libshutdown$$00000000)
    __rt_lib_shutdown_cpp_1                  0x00000397   Thumb Code     0  libshutdown2.o(.ARM.Collect$$libshutdown$$00000002)
    __rt_lib_shutdown_fp_trap_1              0x00000397   Thumb Code     0  libshutdown2.o(.ARM.Collect$$libshutdown$$00000007)
    __rt_lib_shutdown_heap_1                 0x00000397   Thumb Code     0  libshutdown2.o(.ARM.Collect$$libshutdown$$0000000F)
    __rt_lib_shutdown_return                 0x00000397   Thumb Code     0  libshutdown2.o(.ARM.Collect$$libshutdown$$00000010)
    __rt_lib_shutdown_signal_1               0x00000397   Thumb Code     0  libshutdown2.o(.ARM.Collect$$libshutdown$$0000000A)
    __rt_lib_shutdown_stdio_1                0x00000397   Thumb Code     0  libshutdown2.o(.ARM.Collect$$libshutdown$$00000004)
    __rt_lib_shutdown_user_alloc_1           0x00000397   Thumb Code     0  libshutdown2.o(.ARM.Collect$$libshutdown$$0000000C)
    __rt_entry                               0x00000399   Thumb Code     0  __rtentry.o(.ARM.Collect$$rtentry$$00000000)
    __rt_entry_presh_1                       0x00000399   Thumb Code     0  __rtentry2.o(.ARM.Collect$$rtentry$$00000002)
    __rt_entry_sh                            0x00000399   Thumb Code     0  __rtentry4.o(.ARM.Collect$$rtentry$$00000004)
    __rt_entry_li                            0x0000039f   Thumb Code     0  __rtentry2.o(.ARM.Collect$$rtentry$$0000000A)
    __rt_entry_postsh_1                      0x0000039f   Thumb Code     0  __rtentry2.o(.ARM.Collect$$rtentry$$00000009)
    __rt_entry_main                          0x000003a3   Thumb Code     0  __rtentry2.o(.ARM.Collect$$rtentry$$0000000D)
    __rt_entry_postli_1                      0x000003a3   Thumb Code     0  __rtentry2.o(.ARM.Collect$$rtentry$$0000000C)
    __rt_exit                                0x000003ab   Thumb Code     0  rtexit.o(.ARM.Collect$$rtexit$$00000000)
    __rt_exit_ls                             0x000003ad   Thumb Code     0  rtexit2.o(.ARM.Collect$$rtexit$$00000003)
    __rt_exit_prels_1                        0x000003ad   Thumb Code     0  rtexit2.o(.ARM.Collect$$rtexit$$00000002)
    __rt_exit_exit                           0x000003b1   Thumb Code     0  rtexit2.o(.ARM.Collect$$rtexit$$00000004)
    OutStr                                   0x000003b9   Thumb Code     0  outstr.o(.text)
    Reset_Handler                            0x000004a5   Thumb Code     8  startup_tm4c123.o(.text)
    NMI_Handler                              0x000004ad   Thumb Code     2  startup_tm4c123.o(.text)
    HardFault_Handler                        0x000004af   Thumb Code     2  startup_tm4c123.o(.text)
    MemManage_Handler                        0x000004b1   Thumb Code     2  startup_tm4c123.o(.text)
    BusFault_Handler                         0x000004b3   Thumb Code     2  startup_tm4c123.o(.text)
    UsageFault_Handler                       0x000004b5   Thumb Code     2  startup_tm4c123.o(.text)
    SVC_Handler                              0x000004b7   Thumb Code     2  startup_tm4c123.o(.text)
    DebugMon_Handler                         0x000004b9   Thumb Code     2  startup_tm4c123.o(.text)
    PendSV_Handler                           0x000004bb   Thumb Code     2  startup_tm4c123.o(.text)
    SysTick_Handler                          0x000004bd   Thumb Code     2  startup_tm4c123.o(.text)
    GPIOA_Handler                            0x000004bf   Thumb Code     2  startup_tm4c123.o(.text)
    GPIOB_Handler                            0x000004c1   Thumb Code     2  startup_tm4c123.o(.text)
    GPIOC_Handler                            0x000004c3   Thumb Code     2  startup_tm4c123.o(.text)
    GPIOD_Handler                            0x000004c5   Thumb Code     2  startup_tm4c123.o(.text)
    GPIOE_Handler                            0x000004c7   Thumb Code     2  startup_tm4c123.o(.text)
    UART0_Handler                            0x000004c9   Thumb Code     2  startup_tm4c123.o(.text)
    UART1_Handler                            0x000004cb   Thumb Code     2  startup_tm4c123.o(.text)
    SSI0_Handler                             0x000004cd   Thumb Code     2  startup_tm4c123.o(.text)
    I2C0_Handler                             0x000004cf   Thumb Code     2  startup_tm4c123.o(.text)
    PMW0_FAULT_Handler                       0x000004d1   Thumb Code     2  startup_tm4c123.o(.text)
    PWM0_0_Handler                           0x000004d3   Thumb Code     2  startup_tm4c123.o(.text)
    PWM0_1_Handler                           0x000004d5   Thumb Code     2  startup_tm4c123.o(.text)
    PWM0_2_Handler                           0x000004d7   Thumb Code     2  startup_tm4c123.o(.text)
    QEI0_Handler                             0x000004d9   Thumb Code     2  startup_tm4c123.o(.text)
    ADC0SS0_Handler                          0x000004db   Thumb Code     2  startup_tm4c123.o(.text)
    ADC0SS1_Handler                          0x000004dd   Thumb Code     2  startup_tm4c123.o(.text)
    ADC0SS2_Handler                          0x000004df   Thumb Code     2  startup_tm4c123.o(.text)
    ADC0SS3_Handler                          0x000004e1   Thumb Code     2  startup_tm4c123.o(.text)
    WDT0_Handler                             0x000004e3   Thumb Code     2  startup_tm4c123.o(.text)
    TIMER0A_Handler                          0x000004e5   Thumb Code     2  startup_tm4c123.o(.text)
    TIMER0B_Handler                          0x000004e7   Thumb Code     2  startup_tm4c123.o(.text)
    TIMER1A_Handler                          0x000004e9   Thumb Code     2  startup_tm4c123.o(.text)
    TIMER1B_Handler                          0x000004eb   Thumb Code     2  startup_tm4c123.o(.text)
    TIMER2A_Handler                          0x000004ed   Thumb Code     2  startup_tm4c123.o(.text)
    TIMER2B_Handler                          0x000004ef   Thumb Code     2  startup_tm4c123.o(.text)
    COMP0_Handler                            0x000004f1   Thumb Code     2  startup_tm4c123.o(.text)
    COMP1_Handler                            0x000004f3   Thumb Code     2  startup_tm4c123.o(.text)
    COMP2_Handler                            0x000004f5   Thumb Code     2  startup_tm4c123.o(.text)
    SYSCTL_Handler                           0x000004f7   Thumb Code     2  startup_tm4c123.o(.text)
    FLASH_Handler                            0x000004f9   Thumb Code     2  startup_tm4c123.o(.text)
    GPIOG_Handler                            0x000004fd   Thumb Code     2  startup_tm4c123.o(.text)
    GPIOH_Handler                            0x000004ff   Thumb Code     2  startup_tm4c123.o(.text)
    UART2_Handler                            0x00000501   Thumb Code     2  startup_tm4c123.o(.text)
    SSI1_Handler                             0x00000503   Thumb Code     2  startup_tm4c123.o(.text)
    TIMER3A_Handler                          0x00000505   Thumb Code     2  startup_tm4c123.o(.text)
    TIMER3B_Handler                          0x00000507   Thumb Code     2  startup_tm4c123.o(.text)
    I2C1_Handler                             0x00000509   Thumb Code     2  startup_tm4c123.o(.text)
    QEI1_Handler                             0x0000050b   Thumb Code     2  startup_tm4c123.o(.text)
    CAN0_Handler                             0x0000050d   Thumb Code     2  startup_tm4c123.o(.text)
    CAN1_Handler                             0x0000050f   Thumb Code     2  startup_tm4c123.o(.text)
    CAN2_Handler                             0x00000511   Thumb Code     2  startup_tm4c123.o(.text)
    HIB_Handler                              0x00000513   Thumb Code     2  startup_tm4c123.o(.text)
    USB0_Handler                             0x00000515   Thumb Code     2  startup_tm4c123.o(.text)
    PWM0_3_Handler                           0x00000517   Thumb Code     2  startup_tm4c123.o(.text)
    UDMA_Handler                             0x00000519   Thumb Code     2  startup_tm4c123.o(.text)
    UDMAERR_Handler                          0x0000051b   Thumb Code     2  startup_tm4c123.o(.text)
    ADC1SS0_Handler                          0x0000051d   Thumb Code     2  startup_tm4c123.o(.text)
    ADC1SS1_Handler                          0x0000051f   Thumb Code     2  startup_tm4c123.o(.text)
    ADC1SS2_Handler                          0x00000521   Thumb Code     2  startup_tm4c123.o(.text)
    ADC1SS3_Handler                          0x00000523   Thumb Code     2  startup_tm4c123.o(.text)
    GPIOJ_Handler                            0x00000525   Thumb Code     2  startup_tm4c123.o(.text)
    GPIOK_Handler                            0x00000527   Thumb Code     2  startup_tm4c123.o(.text)
    GPIOL_Handler                            0x00000529   Thumb Code     2  startup_tm4c123.o(.text)
    SSI2_Handler                             0x0000052b   Thumb Code     2  startup_tm4c123.o(.text)
    SSI3_Handler                             0x0000052d   Thumb Code     2  startup_tm4c123.o(.text)
    UART3_Handler                            0x0000052f   Thumb Code     2  startup_tm4c123.o(.text)
    UART4_Handler                            0x00000531   Thumb Code     2  startup_tm4c123.o(.text)
    UART5_Handler                            0x00000533   Thumb Code     2  startup_tm4c123.o(.text)
    UART6_Handler                            0x00000535   Thumb Code     2  startup_tm4c123.o(.text)
    UART7_Handler                            0x00000537   Thumb Code     2  startup_tm4c123.o(.text)
    I2C2_Handler                             0x00000539   Thumb Code     2  startup_tm4c123.o(.text)
    I2C3_Handler                             0x0000053b   Thumb Code     2  startup_tm4c123.o(.text)
    TIMER4A_Handler                          0x0000053d   Thumb Code     2  startup_tm4c123.o(.text)
    TIMER4B_Handler                          0x0000053f   Thumb Code     2  startup_tm4c123.o(.text)
    TIMER5A_Handler                          0x00000541   Thumb Code     2  startup_tm4c123.o(.text)
    TIMER5B_Handler                          0x00000543   Thumb Code     2  startup_tm4c123.o(.text)
    WTIMER0A_Handler                         0x00000545   Thumb Code     2  startup_tm4c123.o(.text)
    WTIMER0B_Handler                         0x00000547   Thumb Code     2  startup_tm4c123.o(.text)
    WTIMER1A_Handler                         0x00000549   Thumb Code     2  startup_tm4c123.o(.text)
    WTIMER1B_Handler                         0x0000054b   Thumb Code     2  startup_tm4c123.o(.text)
    WTIMER2A_Handler                         0x0000054d   Thumb Code     2  startup_tm4c123.o(.text)
    WTIMER2B_Handler                         0x0000054f   Thumb Code     2  startup_tm4c123.o(.text)
    WTIMER3A_Handler                         0x00000551   Thumb Code     2  startup_tm4c123.o(.text)
    WTIMER3B_Handler                         0x00000553   Thumb Code     2  startup_tm4c123.o(.text)
    WTIMER4A_Handler                         0x00000555   Thumb Code     2  startup_tm4c123.o(.text)
    WTIMER4B_Handler                         0x00000557   Thumb Code     2  startup_tm4c123.o(.text)
    WTIMER5A_Handler                         0x00000559   Thumb Code     2  startup_tm4c123.o(.text)
    WTIMER5B_Handler                         0x0000055b   Thumb Code     2  startup_tm4c123.o(.text)
    FPU_Handler                              0x0000055d   Thumb Code     2  startup_tm4c123.o(.text)
    I2C4_Handler                             0x0000055f   Thumb Code     2  startup_tm4c123.o(.text)
    I2C5_Handler                             0x00000561   Thumb Code     2  startup_tm4c123.o(.text)
    GPIOM_Handler                            0x00000563   Thumb Code     2  startup_tm4c123.o(.text)
    GPION_Handler                            0x00000565   Thumb Code     2  startup_tm4c123.o(.text)
    QEI2_Handler                             0x00000567   Thumb Code     2  startup_tm4c123.o(.text)
    GPIOP0_Handler                           0x00000569   Thumb Code     2  startup_tm4c123.o(.text)
    GPIOP1_Handler                           0x0000056b   Thumb Code     2  startup_tm4c123.o(.text)
    GPIOP2_Handler                           0x0000056d   Thumb Code     2  startup_tm4c123.o(.text)
    GPIOP3_Handler                           0x0000056f   Thumb Code     2  startup_tm4c123.o(.text)
    GPIOP4_Handler                           0x00000571   Thumb Code     2  startup_tm4c123.o(.text)
    GPIOP5_Handler                           0x00000573   Thumb Code     2  startup_tm4c123.o(.text)
    GPIOP6_Handler                           0x00000575   Thumb Code     2  startup_tm4c123.o(.text)
    GPIOP7_Handler                           0x00000577   Thumb Code     2  startup_tm4c123.o(.text)
    GPIOQ0_Handler                           0x00000579   Thumb Code     2  startup_tm4c123.o(.text)
    GPIOQ1_Handler                           0x0000057b   Thumb Code     2  startup_tm4c123.o(.text)
    GPIOQ2_Handler                           0x0000057d   Thumb Code     2  startup_tm4c123.o(.text)
    GPIOQ3_Handler                           0x0000057f   Thumb Code     2  startup_tm4c123.o(.text)
    GPIOQ4_Handler                           0x00000581   Thumb Code     2  startup_tm4c123.o(.text)
    GPIOQ5_Handler                           0x00000583   Thumb Code     2  startup_tm4c123.o(.text)
    GPIOQ6_Handler                           0x00000585   Thumb Code     2  startup_tm4c123.o(.text)
    GPIOQ7_Handler                           0x00000587   Thumb Code     2  startup_tm4c123.o(.text)
    GPIOR_Handler                            0x00000589   Thumb Code     2  startup_tm4c123.o(.text)
    GPIOS_Handler                            0x0000058b   Thumb Code     2  startup_tm4c123.o(.text)
    PMW1_0_Handler                           0x0000058d   Thumb Code     2  startup_tm4c123.o(.text)
    PWM1_1_Handler                           0x0000058f   Thumb Code     2  startup_tm4c123.o(.text)
    PWM1_2_Handler                           0x00000591   Thumb Code     2  startup_tm4c123.o(.text)
    PWM1_3_Handler                           0x00000593   Thumb Code     2  startup_tm4c123.o(.text)
    PWM1_FAULT_Handler                       0x00000595   Thumb Code     2  startup_tm4c123.o(.text)
    __user_initial_stackheap                 0x00000599   Thumb Code     0  startup_tm4c123.o(.text)
    sprintf                                  0x000005b9   Thumb Code    38  sprintf.o(.text)
    __use_two_region_memory                  0x000005e5   Thumb Code     2  heapauxi.o(.text)
    __rt_heap_escrow$2region                 0x000005e7   Thumb Code     2  heapauxi.o(.text)
    __rt_heap_expand$2region                 0x000005e9   Thumb Code     2  heapauxi.o(.text)
    _printf_pre_padding                      0x000005eb   Thumb Code    44  _printf_pad.o(.text)
    _printf_post_padding                     0x00000617   Thumb Code    34  _printf_pad.o(.text)
    _printf_truncate_signed                  0x00000639   Thumb Code    18  _printf_truncate.o(.text)
    _printf_truncate_unsigned                0x0000064b   Thumb Code    18  _printf_truncate.o(.text)
    _printf_str                              0x0000065d   Thumb Code    82  _printf_str.o(.text)
    _printf_int_dec                          0x000006b1   Thumb Code   104  _printf_dec.o(.text)
    _printf_charcount                        0x00000729   Thumb Code    40  _printf_charcount.o(.text)
    _printf_char_common                      0x0000075b   Thumb Code    32  _printf_char_common.o(.text)
    _sputc                                   0x00000781   Thumb Code    10  _sputc.o(.text)
    _printf_wctomb                           0x0000078d   Thumb Code   182  _printf_wctomb.o(.text)
    _printf_longlong_dec                     0x00000849   Thumb Code   108  _printf_longlong_dec.o(.text)
    _printf_longlong_oct                     0x000008c5   Thumb Code    68  _printf_oct_int_ll.o(.text)
    _printf_int_oct                          0x00000909   Thumb Code    24  _printf_oct_int_ll.o(.text)
    _printf_ll_oct                           0x00000921   Thumb Code    12  _printf_oct_int_ll.o(.text)
    _printf_longlong_hex                     0x00000935   Thumb Code    86  _printf_hex_int_ll_ptr.o(.text)
    _printf_int_hex                          0x0000098b   Thumb Code    28  _printf_hex_int_ll_ptr.o(.text)
    _printf_ll_hex                           0x000009a7   Thumb Code    12  _printf_hex_int_ll_ptr.o(.text)
    _printf_hex_ptr                          0x000009b3   Thumb Code    18  _printf_hex_int_ll_ptr.o(.text)
    __printf                                 0x000009c9   Thumb Code   388  __printf_flags_ss_wp.o(.text)
    _ll_udiv10                               0x00000b51   Thumb Code   138  lludiv10.o(.text)
    _printf_int_common                       0x00000bdb   Thumb Code   178  _printf_intcommon.o(.text)
    _printf_fp_dec_real                      0x00000e3d   Thumb Code   620  _printf_fp_dec.o(.text)
    _printf_fp_hex_real                      0x000010a9   Thumb Code   756  _printf_fp_hex.o(.text)
    _printf_cs_common                        0x000013a5   Thumb Code    20  _printf_char.o(.text)
    _printf_char                             0x000013b9   Thumb Code    16  _printf_char.o(.text)
    _printf_string                           0x000013c9   Thumb Code     8  _printf_char.o(.text)
    _printf_lcs_common                       0x000013d1   Thumb Code    20  _printf_wchar.o(.text)
    _printf_wchar                            0x000013e5   Thumb Code    16  _printf_wchar.o(.text)
    _printf_wstring                          0x000013f5   Thumb Code     8  _printf_wchar.o(.text)
    _c16rtomb                                0x000013fd   Thumb Code    72  _c16rtomb.o(.text)
    _wcrtomb                                 0x000013fd   Thumb Code     0  _c16rtomb.o(.text)
    __user_setup_stackheap                   0x00001445   Thumb Code    74  sys_stackheap_outer.o(.text)
    __rt_ctype_table                         0x00001491   Thumb Code    16  rt_ctype_table.o(.text)
    __rt_locale                              0x000014a1   Thumb Code     8  rt_locale_intlibspace.o(.text)
    _printf_fp_infnan                        0x000014a9   Thumb Code   112  _printf_fp_infnan.o(.text)
    _btod_etento                             0x00001529   Thumb Code   224  bigflt0.o(.text)
    exit                                     0x0000160d   Thumb Code    18  exit.o(.text)
    __user_libspace                          0x00001621   Thumb Code     8  libspace.o(.text)
    __user_perproc_libspace                  0x00001621   Thumb Code     0  libspace.o(.text)
    __user_perthread_libspace                0x00001621   Thumb Code     0  libspace.o(.text)
    strcmp                                   0x00001629   Thumb Code   124  strcmpv7em.o(.text)
    _sys_exit                                0x000016a5   Thumb Code     8  sys_exit.o(.text)
    __I$use$semihosting                      0x000016b1   Thumb Code     0  use_no_semi.o(.text)
    __use_no_semihosting_swi                 0x000016b1   Thumb Code     2  use_no_semi.o(.text)
    __semihosting_library_function           0x000016b3   Thumb Code     0  indicate_semi.o(.text)
    CalculateLux                             0x000016b5   Thumb Code   592  i2c_lux_funcs.o(.text.CalculateLux)
    GPIOF_Handler                            0x00001905   Thumb Code   228  led_logic.o(.text.GPIOF_Handler)
    I2C3_init                                0x000019e9   Thumb Code   158  i2c_lux_funcs.o(.text.I2C3_init)
    I2C3_read_onebyte                        0x00001a89   Thumb Code   208  i2c_lux_funcs.o(.text.I2C3_read_onebyte)
    I2C3_write_onebyte                       0x00001b59   Thumb Code   198  i2c_lux_funcs.o(.text.I2C3_write_onebyte)
    SystemInit                               0x00001c21   Thumb Code    18  system_tm4c123.o(.text.SystemInit)
    adc_gpio_init                            0x00001c35   Thumb Code   114  led_logic.o(.text.adc_gpio_init)
    adc_init                                 0x00001ca9   Thumb Code   124  led_logic.o(.text.adc_init)
    adjust                                   0x00001d25   Thumb Code   314  led_logic.o(.text.adjust)
    digit                                    0x00001e61   Thumb Code   816  other_funcs.o(.text.digit)
    duty_cycle                               0x00002191   Thumb Code   152  led_logic.o(.text.duty_cycle)
    gethighth                                0x00002229   Thumb Code    12  led_logic.o(.text.gethighth)
    getlowth                                 0x00002235   Thumb Code    12  led_logic.o(.text.getlowth)
    led_gpio_init                            0x00002241   Thumb Code   114  led_logic.o(.text.led_gpio_init)
    led_rgb                                  0x000022b5   Thumb Code   156  led_logic.o(.text.led_rgb)
    main                                     0x00002351   Thumb Code   388  main.o(.text.main)
    push_buttons_init                        0x000024d5   Thumb Code   210  led_logic.o(.text.push_buttons_init)
    pwm_init                                 0x000025a9   Thumb Code   222  led_logic.o(.text.pwm_init)
    timer1_delay                             0x00002689   Thumb Code   128  other_funcs.o(.text.timer1_delay)
    _btod_d2e                                0x0000272d   Thumb Code    62  btod.o(CL$$btod_d2e)
    _d2e_denorm_low                          0x0000276b   Thumb Code    70  btod.o(CL$$btod_d2e_denorm_low)
    _d2e_norm_op1                            0x000027b1   Thumb Code    96  btod.o(CL$$btod_d2e_norm_op1)
    __btod_div_common                        0x00002811   Thumb Code   696  btod.o(CL$$btod_div_common)
    _e2e                                     0x00002b49   Thumb Code   220  btod.o(CL$$btod_e2e)
    _btod_ediv                               0x00002c25   Thumb Code    42  btod.o(CL$$btod_ediv)
    _btod_emul                               0x00002c4f   Thumb Code    42  btod.o(CL$$btod_emul)
    __btod_mult_common                       0x00002c79   Thumb Code   580  btod.o(CL$$btod_mult_common)
    __ARM_fpclassify                         0x00002ebd   Thumb Code    48  fpclassify.o(i.__ARM_fpclassify)
    _is_digit                                0x00002eed   Thumb Code    14  __printf_wp.o(i._is_digit)
    _get_lc_numeric                          0x00002efd   Thumb Code    44  lc_numeric_c.o(locale$$code)
    _get_lc_ctype                            0x00002f29   Thumb Code    44  lc_ctype_c.o(locale$$code)
    first_config_Nokia                       0x00002f55   Thumb Code   174  first_config_nokia.o(main)
    gpio_ssi_init                            0x00003015   Thumb Code   220  gpio_ssi_init.o(main)
    LCD_Comments                             0x00003121   Thumb Code     0  lcd_comments.o(main)
    SSi_Checker                              0x00003121   Thumb Code    20  lcd_comments.o(main)
    ssi_data_check                           0x00003137   Thumb Code    20  lcd_comments.o(main)
    Screen_Clear                             0x00003151   Thumb Code    40  lcd_comments.o(main)
    dly_100m                                 0x00003181   Thumb Code    20  lcd_comments.o(main)
    delay_1000m                              0x00003195   Thumb Code    18  lcd_comments.o(main)
    X_Cursor                                 0x000031ad   Thumb Code    50  lcd_comments.o(main)
    Y_Cursor                                 0x000031e9   Thumb Code    50  lcd_comments.o(main)
    initial_screen                           0x00003225   Thumb Code  1726  lcd_comments.o(main)
    zero_0                                   0x000038e5   Thumb Code    82  lcd_comments.o(main)
    one_1                                    0x00003939   Thumb Code    82  lcd_comments.o(main)
    two_2                                    0x0000398d   Thumb Code    82  lcd_comments.o(main)
    three_3                                  0x000039e1   Thumb Code    82  lcd_comments.o(main)
    four_4                                   0x00003a35   Thumb Code    82  lcd_comments.o(main)
    five_5                                   0x00003a89   Thumb Code    82  lcd_comments.o(main)
    six_6                                    0x00003add   Thumb Code    82  lcd_comments.o(main)
    seven_7                                  0x00003b31   Thumb Code    82  lcd_comments.o(main)
    eight_8                                  0x00003b85   Thumb Code    82  lcd_comments.o(main)
    nine_9                                   0x00003bd9   Thumb Code    82  lcd_comments.o(main)
    C_RED                                    0x00003c2d   Thumb Code   290  lcd_comments.o(main)
    C_GREEN                                  0x00003d51   Thumb Code   290  lcd_comments.o(main)
    C_BLUE                                   0x00003e75   Thumb Code   298  lcd_comments.o(main)
    step_1                                   0x00003fa1   Thumb Code    34  lcd_comments.o(main)
    step_2                                   0x00003fc5   Thumb Code    34  lcd_comments.o(main)
    step_3                                   0x00003fe9   Thumb Code    34  lcd_comments.o(main)
    step_4                                   0x0000400d   Thumb Code    34  lcd_comments.o(main)
    data_write                               0x00004031   Thumb Code    42  lcd_comments.o(main)
    __aeabi_d2f                              0x00004065   Thumb Code     0  d2f.o(x$fpl$d2f)
    _d2f                                     0x00004065   Thumb Code    98  d2f.o(x$fpl$d2f)
    __aeabi_dadd                             0x000040c9   Thumb Code     0  daddsub_clz.o(x$fpl$dadd)
    _dadd                                    0x000040c9   Thumb Code   332  daddsub_clz.o(x$fpl$dadd)
    __aeabi_ddiv                             0x00004219   Thumb Code     0  ddiv.o(x$fpl$ddiv)
    _ddiv                                    0x00004219   Thumb Code   556  ddiv.o(x$fpl$ddiv)
    __aeabi_i2d                              0x000044cd   Thumb Code     0  dflt_clz.o(x$fpl$dflt)
    _dflt                                    0x000044cd   Thumb Code    46  dflt_clz.o(x$fpl$dflt)
    __aeabi_dmul                             0x000044fd   Thumb Code     0  dmul.o(x$fpl$dmul)
    _dmul                                    0x000044fd   Thumb Code   332  dmul.o(x$fpl$dmul)
    __fpl_dnaninf                            0x00004651   Thumb Code   156  dnaninf.o(x$fpl$dnaninf)
    __fpl_dretinf                            0x000046ed   Thumb Code    12  dretinf.o(x$fpl$dretinf)
    __aeabi_dsub                             0x000046f9   Thumb Code     0  daddsub_clz.o(x$fpl$dsub)
    _dsub                                    0x000046f9   Thumb Code   472  daddsub_clz.o(x$fpl$dsub)
    _fp_init                                 0x000048d5   Thumb Code    26  fpinit.o(x$fpl$fpinit)
    __fplib_config_fpu_vfp                   0x000048ed   Thumb Code     0  fpinit.o(x$fpl$fpinit)
    __fplib_config_pureend_doubles           0x000048ed   Thumb Code     0  fpinit.o(x$fpl$fpinit)
    __fpl_fretinf                            0x000048ef   Thumb Code    10  fretinf.o(x$fpl$fretinf)
    _printf_fp_dec                           0x000048f9   Thumb Code     4  printf1.o(x$fpl$printf1)
    _printf_fp_hex                           0x000048fd   Thumb Code     4  printf2.o(x$fpl$printf2)
    __I$use$fp                               0x00004900   Number         0  usenofp.o(x$fpl$usenofp)
    Region$$Table$$Base                      0x00004a3c   Number         0  anon$$obj.o(Region$$Table)
    Region$$Table$$Limit                     0x00004a5c   Number         0  anon$$obj.o(Region$$Table)
    __ctype                                  0x00004a85   Data           0  lc_ctype_c.o(locale$$data)
    highth                                   0x20000000   Data           4  led_logic.o(.data.highth)
    lowth                                    0x20000004   Data           4  led_logic.o(.data.lowth)
    __libspace_start                         0x20000008   Data          96  libspace.o(.bss)
    __temporary_stack_top$libspace           0x20000068   Data           0  libspace.o(.bss)
    data                                     0x20000068   Data           4  led_logic.o(.bss.data)
    error                                    0x2000006c   Data           1  i2c_lux_funcs.o(.bss.error)
    highthflag                               0x20000070   Data           4  led_logic.o(.bss.highthflag)
    lowthflag                                0x20000074   Data           4  led_logic.o(.bss.lowthflag)
    lux                                      0x20000078   Data           4  main.o(.bss.lux)
    lux0mean                                 0x2000007c   Data           4  main.o(.bss.lux0mean)
    lux1mean                                 0x20000080   Data           4  main.o(.bss.lux1mean)



==============================================================================

Memory Map of the image

  Image Entry point : 0x000004a5

  Load Region LR_1 (Base: 0x00000000, Size: 0x00004b90, Max: 0xffffffff, ABSOLUTE)

    Execution Region ER_RO (Exec base: 0x00000000, Load base: 0x00000000, Size: 0x00004b88, Max: 0xffffffff, ABSOLUTE)

    Exec Addr    Load Addr    Size         Type   Attr      Idx    E Section Name        Object

    0x00000000   0x00000000   0x0000026c   Data   RO           97    RESET               startup_tm4c123.o
    0x0000026c   0x0000026c   0x00000008   Code   RO          122  * !!!main             c_w.l(__main.o)
    0x00000274   0x00000274   0x00000034   Code   RO          485    !!!scatter          c_w.l(__scatter.o)
    0x000002a8   0x000002a8   0x0000001a   Code   RO          487    !!handler_copy      c_w.l(__scatter_copy.o)
    0x000002c2   0x000002c2   0x00000002   PAD
    0x000002c4   0x000002c4   0x0000001c   Code   RO          489    !!handler_zi        c_w.l(__scatter_zi.o)
    0x000002e0   0x000002e0   0x00000000   Code   RO          226    .ARM.Collect$$_printf_percent$$00000000  c_w.l(_printf_percent.o)
    0x000002e0   0x000002e0   0x00000006   Code   RO          215    .ARM.Collect$$_printf_percent$$00000001  c_w.l(_printf_n.o)
    0x000002e6   0x000002e6   0x00000006   Code   RO          217    .ARM.Collect$$_printf_percent$$00000002  c_w.l(_printf_p.o)
    0x000002ec   0x000002ec   0x00000006   Code   RO          222    .ARM.Collect$$_printf_percent$$00000003  c_w.l(_printf_f.o)
    0x000002f2   0x000002f2   0x00000006   Code   RO          223    .ARM.Collect$$_printf_percent$$00000004  c_w.l(_printf_e.o)
    0x000002f8   0x000002f8   0x00000006   Code   RO          224    .ARM.Collect$$_printf_percent$$00000005  c_w.l(_printf_g.o)
    0x000002fe   0x000002fe   0x00000006   Code   RO          225    .ARM.Collect$$_printf_percent$$00000006  c_w.l(_printf_a.o)
    0x00000304   0x00000304   0x0000000a   Code   RO          230    .ARM.Collect$$_printf_percent$$00000007  c_w.l(_printf_ll.o)
    0x0000030e   0x0000030e   0x00000006   Code   RO          219    .ARM.Collect$$_printf_percent$$00000008  c_w.l(_printf_i.o)
    0x00000314   0x00000314   0x00000006   Code   RO          220    .ARM.Collect$$_printf_percent$$00000009  c_w.l(_printf_d.o)
    0x0000031a   0x0000031a   0x00000006   Code   RO          221    .ARM.Collect$$_printf_percent$$0000000A  c_w.l(_printf_u.o)
    0x00000320   0x00000320   0x00000006   Code   RO          218    .ARM.Collect$$_printf_percent$$0000000B  c_w.l(_printf_o.o)
    0x00000326   0x00000326   0x00000006   Code   RO          216    .ARM.Collect$$_printf_percent$$0000000C  c_w.l(_printf_x.o)
    0x0000032c   0x0000032c   0x00000006   Code   RO          227    .ARM.Collect$$_printf_percent$$0000000D  c_w.l(_printf_lli.o)
    0x00000332   0x00000332   0x00000006   Code   RO          228    .ARM.Collect$$_printf_percent$$0000000E  c_w.l(_printf_lld.o)
    0x00000338   0x00000338   0x00000006   Code   RO          229    .ARM.Collect$$_printf_percent$$0000000F  c_w.l(_printf_llu.o)
    0x0000033e   0x0000033e   0x00000006   Code   RO          234    .ARM.Collect$$_printf_percent$$00000010  c_w.l(_printf_llo.o)
    0x00000344   0x00000344   0x00000006   Code   RO          235    .ARM.Collect$$_printf_percent$$00000011  c_w.l(_printf_llx.o)
    0x0000034a   0x0000034a   0x0000000a   Code   RO          231    .ARM.Collect$$_printf_percent$$00000012  c_w.l(_printf_l.o)
    0x00000354   0x00000354   0x00000006   Code   RO          213    .ARM.Collect$$_printf_percent$$00000013  c_w.l(_printf_c.o)
    0x0000035a   0x0000035a   0x00000006   Code   RO          214    .ARM.Collect$$_printf_percent$$00000014  c_w.l(_printf_s.o)
    0x00000360   0x00000360   0x00000006   Code   RO          232    .ARM.Collect$$_printf_percent$$00000015  c_w.l(_printf_lc.o)
    0x00000366   0x00000366   0x00000006   Code   RO          233    .ARM.Collect$$_printf_percent$$00000016  c_w.l(_printf_ls.o)
    0x0000036c   0x0000036c   0x00000004   Code   RO          283    .ARM.Collect$$_printf_percent$$00000017  c_w.l(_printf_percent_end.o)
    0x00000370   0x00000370   0x00000002   Code   RO          334    .ARM.Collect$$libinit$$00000000  c_w.l(libinit.o)
    0x00000372   0x00000372   0x00000004   Code   RO          351    .ARM.Collect$$libinit$$00000001  c_w.l(libinit2.o)
    0x00000376   0x00000376   0x00000000   Code   RO          354    .ARM.Collect$$libinit$$00000004  c_w.l(libinit2.o)
    0x00000376   0x00000376   0x00000000   Code   RO          356    .ARM.Collect$$libinit$$00000006  c_w.l(libinit2.o)
    0x00000376   0x00000376   0x00000000   Code   RO          359    .ARM.Collect$$libinit$$0000000C  c_w.l(libinit2.o)
    0x00000376   0x00000376   0x00000000   Code   RO          361    .ARM.Collect$$libinit$$0000000E  c_w.l(libinit2.o)
    0x00000376   0x00000376   0x00000000   Code   RO          363    .ARM.Collect$$libinit$$00000010  c_w.l(libinit2.o)
    0x00000376   0x00000376   0x00000006   Code   RO          364    .ARM.Collect$$libinit$$00000011  c_w.l(libinit2.o)
    0x0000037c   0x0000037c   0x00000000   Code   RO          366    .ARM.Collect$$libinit$$00000013  c_w.l(libinit2.o)
    0x0000037c   0x0000037c   0x0000000c   Code   RO          367    .ARM.Collect$$libinit$$00000014  c_w.l(libinit2.o)
    0x00000388   0x00000388   0x00000000   Code   RO          368    .ARM.Collect$$libinit$$00000015  c_w.l(libinit2.o)
    0x00000388   0x00000388   0x00000000   Code   RO          370    .ARM.Collect$$libinit$$00000017  c_w.l(libinit2.o)
    0x00000388   0x00000388   0x0000000a   Code   RO          371    .ARM.Collect$$libinit$$00000018  c_w.l(libinit2.o)
    0x00000392   0x00000392   0x00000000   Code   RO          372    .ARM.Collect$$libinit$$00000019  c_w.l(libinit2.o)
    0x00000392   0x00000392   0x00000000   Code   RO          374    .ARM.Collect$$libinit$$0000001B  c_w.l(libinit2.o)
    0x00000392   0x00000392   0x00000000   Code   RO          376    .ARM.Collect$$libinit$$0000001D  c_w.l(libinit2.o)
    0x00000392   0x00000392   0x00000000   Code   RO          378    .ARM.Collect$$libinit$$0000001F  c_w.l(libinit2.o)
    0x00000392   0x00000392   0x00000000   Code   RO          380    .ARM.Collect$$libinit$$00000021  c_w.l(libinit2.o)
    0x00000392   0x00000392   0x00000000   Code   RO          382    .ARM.Collect$$libinit$$00000023  c_w.l(libinit2.o)
    0x00000392   0x00000392   0x00000000   Code   RO          384    .ARM.Collect$$libinit$$00000025  c_w.l(libinit2.o)
    0x00000392   0x00000392   0x00000000   Code   RO          386    .ARM.Collect$$libinit$$00000027  c_w.l(libinit2.o)
    0x00000392   0x00000392   0x00000000   Code   RO          390    .ARM.Collect$$libinit$$0000002E  c_w.l(libinit2.o)
    0x00000392   0x00000392   0x00000000   Code   RO          392    .ARM.Collect$$libinit$$00000030  c_w.l(libinit2.o)
    0x00000392   0x00000392   0x00000000   Code   RO          394    .ARM.Collect$$libinit$$00000032  c_w.l(libinit2.o)
    0x00000392   0x00000392   0x00000000   Code   RO          396    .ARM.Collect$$libinit$$00000034  c_w.l(libinit2.o)
    0x00000392   0x00000392   0x00000002   Code   RO          397    .ARM.Collect$$libinit$$00000035  c_w.l(libinit2.o)
    0x00000394   0x00000394   0x00000002   Code   RO          421    .ARM.Collect$$libshutdown$$00000000  c_w.l(libshutdown.o)
    0x00000396   0x00000396   0x00000000   Code   RO          436    .ARM.Collect$$libshutdown$$00000002  c_w.l(libshutdown2.o)
    0x00000396   0x00000396   0x00000000   Code   RO          438    .ARM.Collect$$libshutdown$$00000004  c_w.l(libshutdown2.o)
    0x00000396   0x00000396   0x00000000   Code   RO          441    .ARM.Collect$$libshutdown$$00000007  c_w.l(libshutdown2.o)
    0x00000396   0x00000396   0x00000000   Code   RO          444    .ARM.Collect$$libshutdown$$0000000A  c_w.l(libshutdown2.o)
    0x00000396   0x00000396   0x00000000   Code   RO          446    .ARM.Collect$$libshutdown$$0000000C  c_w.l(libshutdown2.o)
    0x00000396   0x00000396   0x00000000   Code   RO          449    .ARM.Collect$$libshutdown$$0000000F  c_w.l(libshutdown2.o)
    0x00000396   0x00000396   0x00000002   Code   RO          450    .ARM.Collect$$libshutdown$$00000010  c_w.l(libshutdown2.o)
    0x00000398   0x00000398   0x00000000   Code   RO          144    .ARM.Collect$$rtentry$$00000000  c_w.l(__rtentry.o)
    0x00000398   0x00000398   0x00000000   Code   RO          252    .ARM.Collect$$rtentry$$00000002  c_w.l(__rtentry2.o)
    0x00000398   0x00000398   0x00000006   Code   RO          264    .ARM.Collect$$rtentry$$00000004  c_w.l(__rtentry4.o)
    0x0000039e   0x0000039e   0x00000000   Code   RO          254    .ARM.Collect$$rtentry$$00000009  c_w.l(__rtentry2.o)
    0x0000039e   0x0000039e   0x00000004   Code   RO          255    .ARM.Collect$$rtentry$$0000000A  c_w.l(__rtentry2.o)
    0x000003a2   0x000003a2   0x00000000   Code   RO          257    .ARM.Collect$$rtentry$$0000000C  c_w.l(__rtentry2.o)
    0x000003a2   0x000003a2   0x00000008   Code   RO          258    .ARM.Collect$$rtentry$$0000000D  c_w.l(__rtentry2.o)
    0x000003aa   0x000003aa   0x00000002   Code   RO          342    .ARM.Collect$$rtexit$$00000000  c_w.l(rtexit.o)
    0x000003ac   0x000003ac   0x00000000   Code   RO          399    .ARM.Collect$$rtexit$$00000002  c_w.l(rtexit2.o)
    0x000003ac   0x000003ac   0x00000004   Code   RO          400    .ARM.Collect$$rtexit$$00000003  c_w.l(rtexit2.o)
    0x000003b0   0x000003b0   0x00000006   Code   RO          401    .ARM.Collect$$rtexit$$00000004  c_w.l(rtexit2.o)
    0x000003b6   0x000003b6   0x00000002   PAD
    0x000003b8   0x000003b8   0x000000ec   Code   RO           92    .text               outstr.o
    0x000004a4   0x000004a4   0x00000114   Code   RO           98  * .text               startup_tm4c123.o
    0x000005b8   0x000005b8   0x0000002c   Code   RO          118    .text               c_w.l(sprintf.o)
    0x000005e4   0x000005e4   0x00000006   Code   RO          120    .text               c_w.l(heapauxi.o)
    0x000005ea   0x000005ea   0x0000004e   Code   RO          147    .text               c_w.l(_printf_pad.o)
    0x00000638   0x00000638   0x00000024   Code   RO          149    .text               c_w.l(_printf_truncate.o)
    0x0000065c   0x0000065c   0x00000052   Code   RO          151    .text               c_w.l(_printf_str.o)
    0x000006ae   0x000006ae   0x00000002   PAD
    0x000006b0   0x000006b0   0x00000078   Code   RO          153    .text               c_w.l(_printf_dec.o)
    0x00000728   0x00000728   0x00000028   Code   RO          155    .text               c_w.l(_printf_charcount.o)
    0x00000750   0x00000750   0x00000030   Code   RO          157    .text               c_w.l(_printf_char_common.o)
    0x00000780   0x00000780   0x0000000a   Code   RO          159    .text               c_w.l(_sputc.o)
    0x0000078a   0x0000078a   0x00000002   PAD
    0x0000078c   0x0000078c   0x000000bc   Code   RO          161    .text               c_w.l(_printf_wctomb.o)
    0x00000848   0x00000848   0x0000007c   Code   RO          164    .text               c_w.l(_printf_longlong_dec.o)
    0x000008c4   0x000008c4   0x00000070   Code   RO          170    .text               c_w.l(_printf_oct_int_ll.o)
    0x00000934   0x00000934   0x00000094   Code   RO          190    .text               c_w.l(_printf_hex_int_ll_ptr.o)
    0x000009c8   0x000009c8   0x00000188   Code   RO          210    .text               c_w.l(__printf_flags_ss_wp.o)
    0x00000b50   0x00000b50   0x0000008a   Code   RO          266    .text               c_w.l(lludiv10.o)
    0x00000bda   0x00000bda   0x000000b2   Code   RO          268    .text               c_w.l(_printf_intcommon.o)
    0x00000c8c   0x00000c8c   0x0000041c   Code   RO          270    .text               c_w.l(_printf_fp_dec.o)
    0x000010a8   0x000010a8   0x000002fc   Code   RO          274    .text               c_w.l(_printf_fp_hex.o)
    0x000013a4   0x000013a4   0x0000002c   Code   RO          279    .text               c_w.l(_printf_char.o)
    0x000013d0   0x000013d0   0x0000002c   Code   RO          281    .text               c_w.l(_printf_wchar.o)
    0x000013fc   0x000013fc   0x00000048   Code   RO          284    .text               c_w.l(_c16rtomb.o)
    0x00001444   0x00001444   0x0000004a   Code   RO          286    .text               c_w.l(sys_stackheap_outer.o)
    0x0000148e   0x0000148e   0x00000002   PAD
    0x00001490   0x00001490   0x00000010   Code   RO          288    .text               c_w.l(rt_ctype_table.o)
    0x000014a0   0x000014a0   0x00000008   Code   RO          293    .text               c_w.l(rt_locale_intlibspace.o)
    0x000014a8   0x000014a8   0x00000080   Code   RO          295    .text               c_w.l(_printf_fp_infnan.o)
    0x00001528   0x00001528   0x000000e4   Code   RO          297    .text               c_w.l(bigflt0.o)
    0x0000160c   0x0000160c   0x00000012   Code   RO          327    .text               c_w.l(exit.o)
    0x0000161e   0x0000161e   0x00000002   PAD
    0x00001620   0x00001620   0x00000008   Code   RO          339    .text               c_w.l(libspace.o)
    0x00001628   0x00001628   0x0000007c   Code   RO          349    .text               c_w.l(strcmpv7em.o)
    0x000016a4   0x000016a4   0x0000000c   Code   RO          411    .text               c_w.l(sys_exit.o)
    0x000016b0   0x000016b0   0x00000002   Code   RO          426    .text               c_w.l(use_no_semi.o)
    0x000016b2   0x000016b2   0x00000000   Code   RO          428    .text               c_w.l(indicate_semi.o)
    0x000016b2   0x000016b2   0x00000002   PAD
    0x000016b4   0x000016b4   0x00000250   Code   RO           10    .text.CalculateLux  i2c_lux_funcs.o
    0x00001904   0x00001904   0x000000e4   Code   RO           53    .text.GPIOF_Handler  led_logic.o
    0x000019e8   0x000019e8   0x0000009e   Code   RO            2    .text.I2C3_init     i2c_lux_funcs.o
    0x00001a86   0x00001a86   0x00000002   PAD
    0x00001a88   0x00001a88   0x000000d0   Code   RO            8    .text.I2C3_read_onebyte  i2c_lux_funcs.o
    0x00001b58   0x00001b58   0x000000c6   Code   RO            4    .text.I2C3_write_onebyte  i2c_lux_funcs.o
    0x00001c1e   0x00001c1e   0x00000002   PAD
    0x00001c20   0x00001c20   0x00000012   Code   RO          107    .text.SystemInit    system_tm4c123.o
    0x00001c32   0x00001c32   0x00000002   PAD
    0x00001c34   0x00001c34   0x00000072   Code   RO           47    .text.adc_gpio_init  led_logic.o
    0x00001ca6   0x00001ca6   0x00000002   PAD
    0x00001ca8   0x00001ca8   0x0000007c   Code   RO           49    .text.adc_init      led_logic.o
    0x00001d24   0x00001d24   0x0000013a   Code   RO           55    .text.adjust        led_logic.o
    0x00001e5e   0x00001e5e   0x00000002   PAD
    0x00001e60   0x00001e60   0x00000330   Code   RO           36    .text.digit         other_funcs.o
    0x00002190   0x00002190   0x00000098   Code   RO           65    .text.duty_cycle    led_logic.o
    0x00002228   0x00002228   0x0000000c   Code   RO           61    .text.gethighth     led_logic.o
    0x00002234   0x00002234   0x0000000c   Code   RO           59    .text.getlowth      led_logic.o
    0x00002240   0x00002240   0x00000072   Code   RO           45    .text.led_gpio_init  led_logic.o
    0x000022b2   0x000022b2   0x00000002   PAD
    0x000022b4   0x000022b4   0x0000009c   Code   RO           57    .text.led_rgb       led_logic.o
    0x00002350   0x00002350   0x00000184   Code   RO           20    .text.main          main.o
    0x000024d4   0x000024d4   0x000000d2   Code   RO           51    .text.push_buttons_init  led_logic.o
    0x000025a6   0x000025a6   0x00000002   PAD
    0x000025a8   0x000025a8   0x000000de   Code   RO           63    .text.pwm_init      led_logic.o
    0x00002686   0x00002686   0x00000002   PAD
    0x00002688   0x00002688   0x00000080   Code   RO           34    .text.timer1_delay  other_funcs.o
    0x00002708   0x00002708   0x00000024   Code   RO            6    .text.wait_until_done  i2c_lux_funcs.o
    0x0000272c   0x0000272c   0x0000003e   Code   RO          300    CL$$btod_d2e        c_w.l(btod.o)
    0x0000276a   0x0000276a   0x00000046   Code   RO          302    CL$$btod_d2e_denorm_low  c_w.l(btod.o)
    0x000027b0   0x000027b0   0x00000060   Code   RO          301    CL$$btod_d2e_norm_op1  c_w.l(btod.o)
    0x00002810   0x00002810   0x00000338   Code   RO          310    CL$$btod_div_common  c_w.l(btod.o)
    0x00002b48   0x00002b48   0x000000dc   Code   RO          307    CL$$btod_e2e        c_w.l(btod.o)
    0x00002c24   0x00002c24   0x0000002a   Code   RO          304    CL$$btod_ediv       c_w.l(btod.o)
    0x00002c4e   0x00002c4e   0x0000002a   Code   RO          303    CL$$btod_emul       c_w.l(btod.o)
    0x00002c78   0x00002c78   0x00000244   Code   RO          309    CL$$btod_mult_common  c_w.l(btod.o)
    0x00002ebc   0x00002ebc   0x00000030   Code   RO          337    i.__ARM_fpclassify  m_wm.l(fpclassify.o)
    0x00002eec   0x00002eec   0x0000000e   Code   RO          203    i._is_digit         c_w.l(__printf_wp.o)
    0x00002efa   0x00002efa   0x00000002   PAD
    0x00002efc   0x00002efc   0x0000002c   Code   RO          325    locale$$code        c_w.l(lc_numeric_c.o)
    0x00002f28   0x00002f28   0x0000002c   Code   RO          347    locale$$code        c_w.l(lc_ctype_c.o)
    0x00002f54   0x00002f54   0x000000c0   Code   RO           78    main                first_config_nokia.o
    0x00003014   0x00003014   0x0000010c   Code   RO           84    main                gpio_ssi_init.o
    0x00003120   0x00003120   0x00000f44   Code   RO           88    main                lcd_comments.o
    0x00004064   0x00004064   0x00000062   Code   RO          124    x$fpl$d2f           fz_wm.l(d2f.o)
    0x000040c6   0x000040c6   0x00000002   PAD
    0x000040c8   0x000040c8   0x00000150   Code   RO          126    x$fpl$dadd          fz_wm.l(daddsub_clz.o)
    0x00004218   0x00004218   0x000002b4   Code   RO          133    x$fpl$ddiv          fz_wm.l(ddiv.o)
    0x000044cc   0x000044cc   0x0000002e   Code   RO          137    x$fpl$dflt          fz_wm.l(dflt_clz.o)
    0x000044fa   0x000044fa   0x00000002   PAD
    0x000044fc   0x000044fc   0x00000154   Code   RO          142    x$fpl$dmul          fz_wm.l(dmul.o)
    0x00004650   0x00004650   0x0000009c   Code   RO          236    x$fpl$dnaninf       fz_wm.l(dnaninf.o)
    0x000046ec   0x000046ec   0x0000000c   Code   RO          238    x$fpl$dretinf       fz_wm.l(dretinf.o)
    0x000046f8   0x000046f8   0x000001dc   Code   RO          128    x$fpl$dsub          fz_wm.l(daddsub_clz.o)
    0x000048d4   0x000048d4   0x0000001a   Code   RO          409    x$fpl$fpinit        fz_wm.l(fpinit.o)
    0x000048ee   0x000048ee   0x0000000a   Code   RO          240    x$fpl$fretinf       fz_wm.l(fretinf.o)
    0x000048f8   0x000048f8   0x00000004   Code   RO          242    x$fpl$printf1       fz_wm.l(printf1.o)
    0x000048fc   0x000048fc   0x00000004   Code   RO          244    x$fpl$printf2       fz_wm.l(printf2.o)
    0x00004900   0x00004900   0x00000000   Code   RO          250    x$fpl$usenofp       fz_wm.l(usenofp.o)
    0x00004900   0x00004900   0x00000008   Data   RO          162    .constdata          c_w.l(_printf_wctomb.o)
    0x00004908   0x00004908   0x00000028   Data   RO          191    .constdata          c_w.l(_printf_hex_int_ll_ptr.o)
    0x00004930   0x00004930   0x00000011   Data   RO          211    .constdata          c_w.l(__printf_flags_ss_wp.o)
    0x00004941   0x00004941   0x00000026   Data   RO          275    .constdata          c_w.l(_printf_fp_hex.o)
    0x00004967   0x00004967   0x00000001   PAD
    0x00004968   0x00004968   0x00000094   Data   RO          298    .constdata          c_w.l(bigflt0.o)
    0x000049fc   0x000049fc   0x00000040   Data   RO           26    .rodata.str1.1      main.o
    0x00004a3c   0x00004a3c   0x00000020   Data   RO          484    Region$$Table       anon$$obj.o
    0x00004a5c   0x00004a5c   0x0000001c   Data   RO          324    locale$$data        c_w.l(lc_numeric_c.o)
    0x00004a78   0x00004a78   0x00000110   Data   RO          346    locale$$data        c_w.l(lc_ctype_c.o)


    Execution Region ER_RW (Exec base: 0x20000000, Load base: 0x00004b88, Size: 0x00000008, Max: 0xffffffff, ABSOLUTE)

    Exec Addr    Load Addr    Size         Type   Attr      Idx    E Section Name        Object

    0x20000000   0x00004b88   0x00000004   Data   RW           71    .data.highth        led_logic.o
    0x20000004   0x00004b8c   0x00000004   Data   RW           70    .data.lowth         led_logic.o


    Execution Region ER_ZI (Exec base: 0x20000008, Load base: 0x00004b90, Size: 0x00000280, Max: 0xffffffff, ABSOLUTE)

    Exec Addr    Load Addr    Size         Type   Attr      Idx    E Section Name        Object

    0x20000008        -       0x00000060   Zero   RW          340    .bss                c_w.l(libspace.o)
    0x20000068        -       0x00000004   Zero   RW           67    .bss.data           led_logic.o
    0x2000006c        -       0x00000001   Zero   RW           12    .bss.error          i2c_lux_funcs.o
    0x2000006d   0x00004b90   0x00000003   PAD
    0x20000070        -       0x00000004   Zero   RW           69    .bss.highthflag     led_logic.o
    0x20000074        -       0x00000004   Zero   RW           68    .bss.lowthflag      led_logic.o
    0x20000078        -       0x00000004   Zero   RW           24    .bss.lux            main.o
    0x2000007c        -       0x00000004   Zero   RW           22    .bss.lux0mean       main.o
    0x20000080        -       0x00000004   Zero   RW           23    .bss.lux1mean       main.o
    0x20000084   0x00004b90   0x00000004   PAD
    0x20000088        -       0x00000000   Zero   RW           96    HEAP                startup_tm4c123.o
    0x20000088        -       0x00000200   Zero   RW           95    STACK               startup_tm4c123.o


==============================================================================

Image component sizes


      Code (inc. data)   RO Data    RW Data    ZI Data      Debug   Object Name

       192         16          0          0          0        472   first_config_nokia.o
       268         46          0          0          0        440   gpio_ssi_init.o
      1192          0          0          0          1       8020   i2c_lux_funcs.o
      3908         40          0          0          0       2312   lcd_comments.o
      1658         16          0          8         12      11020   led_logic.o
       388          0         64          0         12        950   main.o
       944          0          0          0          0       6229   other_funcs.o
       236         54          0          0          0        284   outstr.o
       276         24        620          0        512       5440   startup_tm4c123.o
        18          0          0          0          0       6611   system_tm4c123.o

    ----------------------------------------------------------------------
      9096        196        716          8        544      41778   Object Totals
         0          0         32          0          0          0   (incl. Generated)
        16          0          0          0          7          0   (incl. Padding)

    ----------------------------------------------------------------------

      Code (inc. data)   RO Data    RW Data    ZI Data      Debug   Library Member Name

         8          0          0          0          0         68   __main.o
       392          4         17          0          0         92   __printf_flags_ss_wp.o
        14          0          0          0          0         68   __printf_wp.o
         0          0          0          0          0          0   __rtentry.o
        12          0          0          0          0          0   __rtentry2.o
         6          0          0          0          0          0   __rtentry4.o
        52          8          0          0          0          0   __scatter.o
        26          0          0          0          0          0   __scatter_copy.o
        28          0          0          0          0          0   __scatter_zi.o
        72          0          0          0          0         96   _c16rtomb.o
         6          0          0          0          0          0   _printf_a.o
         6          0          0          0          0          0   _printf_c.o
        44          0          0          0          0        108   _printf_char.o
        48          6          0          0          0         96   _printf_char_common.o
        40          0          0          0          0         68   _printf_charcount.o
         6          0          0          0          0          0   _printf_d.o
       120         16          0          0          0         92   _printf_dec.o
         6          0          0          0          0          0   _printf_e.o
         6          0          0          0          0          0   _printf_f.o
      1052          0          0          0          0        148   _printf_fp_dec.o
       764          8         38          0          0        100   _printf_fp_hex.o
       128         16          0          0          0         84   _printf_fp_infnan.o
         6          0          0          0          0          0   _printf_g.o
       148          4         40          0          0        160   _printf_hex_int_ll_ptr.o
         6          0          0          0          0          0   _printf_i.o
       178          0          0          0          0         88   _printf_intcommon.o
        10          0          0          0          0          0   _printf_l.o
         6          0          0          0          0          0   _printf_lc.o
        10          0          0          0          0          0   _printf_ll.o
         6          0          0          0          0          0   _printf_lld.o
         6          0          0          0          0          0   _printf_lli.o
         6          0          0          0          0          0   _printf_llo.o
         6          0          0          0          0          0   _printf_llu.o
         6          0          0          0          0          0   _printf_llx.o
       124         16          0          0          0         92   _printf_longlong_dec.o
         6          0          0          0          0          0   _printf_ls.o
         6          0          0          0          0          0   _printf_n.o
         6          0          0          0          0          0   _printf_o.o
       112          8          0          0          0        124   _printf_oct_int_ll.o
         6          0          0          0          0          0   _printf_p.o
        78          0          0          0          0        108   _printf_pad.o
         0          0          0          0          0          0   _printf_percent.o
         4          0          0          0          0          0   _printf_percent_end.o
         6          0          0          0          0          0   _printf_s.o
        82          0          0          0          0         80   _printf_str.o
        36          0          0          0          0         84   _printf_truncate.o
         6          0          0          0          0          0   _printf_u.o
        44          0          0          0          0        108   _printf_wchar.o
       188          6          8          0          0         92   _printf_wctomb.o
         6          0          0          0          0          0   _printf_x.o
        10          0          0          0          0         68   _sputc.o
       228          4        148          0          0         96   bigflt0.o
      1936        128          0          0          0        668   btod.o
        18          0          0          0          0         80   exit.o
         6          0          0          0          0        152   heapauxi.o
         0          0          0          0          0          0   indicate_semi.o
        44         10        272          0          0         76   lc_ctype_c.o
        44         10         28          0          0         76   lc_numeric_c.o
         2          0          0          0          0          0   libinit.o
        34          0          0          0          0          0   libinit2.o
         2          0          0          0          0          0   libshutdown.o
         2          0          0          0          0          0   libshutdown2.o
         8          4          0          0         96         68   libspace.o
       138          0          0          0          0         80   lludiv10.o
        16          4          0          0          0         76   rt_ctype_table.o
         8          4          0          0          0         68   rt_locale_intlibspace.o
         2          0          0          0          0          0   rtexit.o
        10          0          0          0          0          0   rtexit2.o
        44          6          0          0          0         84   sprintf.o
       124          0          0          0          0         88   strcmpv7em.o
        12          4          0          0          0         68   sys_exit.o
        74          0          0          0          0         80   sys_stackheap_outer.o
         2          0          0          0          0         68   use_no_semi.o
        98          4          0          0          0        140   d2f.o
       812         16          0          0          0        392   daddsub_clz.o
       692        140          0          0          0        264   ddiv.o
        46          0          0          0          0        116   dflt_clz.o
       340         12          0          0          0        152   dmul.o
       156          4          0          0          0        140   dnaninf.o
        12          0          0          0          0        116   dretinf.o
        26          0          0          0          0        116   fpinit.o
        10          0          0          0          0        116   fretinf.o
         4          0          0          0          0        116   printf1.o
         4          0          0          0          0        116   printf2.o
         0          0          0          0          0          0   usenofp.o
        48          0          0          0          0        124   fpclassify.o

    ----------------------------------------------------------------------
      8972        442        552          0         96       5760   Library Totals
        20          0          1          0          0          0   (incl. Padding)

    ----------------------------------------------------------------------

      Code (inc. data)   RO Data    RW Data    ZI Data      Debug   Library Name

      6704        266        551          0         96       3852   c_w.l
      2200        176          0          0          0       1784   fz_wm.l
        48          0          0          0          0        124   m_wm.l

    ----------------------------------------------------------------------
      8972        442        552          0         96       5760   Library Totals

    ----------------------------------------------------------------------

==============================================================================


      Code (inc. data)   RO Data    RW Data    ZI Data      Debug   

     18068        638       1268          8        640      44030   Grand Totals
     18068        638       1268          8        640      44030   ELF Image Totals
     18068        638       1268          8          0          0   ROM Totals

==============================================================================

    Total RO  Size (Code + RO Data)                19336 (  18.88kB)
    Total RW  Size (RW Data + ZI Data)               648 (   0.63kB)
    Total ROM Size (Code + RO Data + RW Data)      19344 (  18.89kB)

==============================================================================

