<html>
<body>
<pre>
<h1>µVision Build Log</h1>
<h2>Tool Versions:</h2>
IDE-Version: µVision V5.38.0.0
Copyright (C) 2022 ARM Ltd and ARM Germany GmbH. All rights reserved.
License Information: Ahmet Fýrat Beydilli, METU, LIC=----
 
Tool Versions:
Toolchain:       MDK-Lite  Version: 5.38.0.0
Toolchain Path:  C:\Keil_v5\ARM\ARMCLANG\Bin
C Compiler:      ArmClang.exe V6.19
Assembler:       Armasm.exe V6.19
Linker/Locator:  ArmLink.exe V6.19
Library Manager: ArmAr.exe V6.19
Hex Converter:   FromElf.exe V6.19
CPU DLL:         SARMCM3.DLL V5.38.0.0
Dialog DLL:      DCM.DLL V1.17.5.0
Target DLL:      lmidk-agdi.dll V???
Dialog DLL:      TCM.DLL V1.56.4.0
 
<h2>Project:</h2>
C:\Users\User\Desktop\EE447 Project\project\EE447_LED_DRIVER_PROJECT.uvprojx
Project File Date:  01/08/2023

<h2>Output:</h2>
*** Using Compiler 'V6.19', folder: 'C:\Keil_v5\ARM\ARMCLANG\Bin'
Rebuild target 'Target 1'
compiling main.c...
compiling other_funcs.c...
assembling first_config_Nokia.s...
compiling i2c_lux_funcs.c...
"LCD_Comments.s", line 43: Warning: A1488W: PROC/FUNC at line 41 in 'LCD_Comments.s' without matching ENDP/ENDFUNC
   43 00000000 SSi_Checker  PROC  ;WAIT IF THE SSI IS BUSY
"LCD_Comments.s", line 87: Warning: A1581W: Added 2 bytes of padding at address 0x5a
   87 0000005c     LTORG
"LCD_Comments.s", line 115: Warning: A1581W: Added 2 bytes of padding at address 0x86
  115 00000088     LTORG 
0 Errors, 3 Warnings
assembling LCD_Comments.s...
compiling led_logic.c...
assembling gpio_ssi_init.s...
compiling system_TM4C123.c...
assembling OutStr.s...
assembling startup_TM4C123.s...
linking...
Program Size: Code=18068 RO-data=1268 RW-data=8 ZI-data=640  
".\Objects\EE447_LED_DRIVER_PROJECT.axf" - 0 Error(s), 0 Warning(s).

<h2>Software Packages used:</h2>

Package Vendor: ARM
                http://www.keil.com/pack/ARM.CMSIS.5.9.0.pack
                ARM.CMSIS.5.9.0
                CMSIS (Common Microcontroller Software Interface Standard)
   * Component: CORE Version: 5.6.0

Package Vendor: Keil
                http://www.keil.com/pack/Keil.TM4C_DFP.1.1.0.pack
                Keil.TM4C_DFP.1.1.0
                Texas Instruments Tiva C Series Device Support and Examples
   * Component: Startup Version: 1.0.1

<h2>Collection of Component include folders:</h2>
  ./RTE/_Target_1
  C:/Users/User/AppData/Local/Arm/Packs/ARM/CMSIS/5.9.0/CMSIS/Core/Include
  C:/Users/User/AppData/Local/Arm/Packs/Keil/TM4C_DFP/1.1.0/Device/Include/TM4C123

<h2>Collection of Component Files used:</h2>

   * Component: ARM::CMSIS:CORE:5.6.0

   * Component: Keil::Device:Startup:1.0.1
      Source file:   Device/Source/system_TM4C123.c
      Include file:  Device/Include/TM4C123/TM4C123.h
      Source file:   Device/Source/ARM/startup_TM4C123.s
Build Time Elapsed:  00:00:01
</pre>
</body>
</html>
